Archive member included to satisfy reference by file (symbol)

/home/administrator/st/stm32cubeclt_1.19.0/GNU-tools-for-STM32/bin/../lib/gcc/arm-none-eabi/13.3.1/../../../../arm-none-eabi/lib/thumb/v7e-m+fp/hard/libc_nano.a(libc_a-exit.o)
                              /home/administrator/st/stm32cubeclt_1.19.0/GNU-tools-for-STM32/bin/../lib/gcc/arm-none-eabi/13.3.1/../../../../arm-none-eabi/lib/thumb/v7e-m+fp/hard/crt0.o (exit)
/home/administrator/st/stm32cubeclt_1.19.0/GNU-tools-for-STM32/bin/../lib/gcc/arm-none-eabi/13.3.1/../../../../arm-none-eabi/lib/thumb/v7e-m+fp/hard/libc_nano.a(libc_a-nano-vfprintf_float.o)
                              (_printf_float)
/home/administrator/st/stm32cubeclt_1.19.0/GNU-tools-for-STM32/bin/../lib/gcc/arm-none-eabi/13.3.1/../../../../arm-none-eabi/lib/thumb/v7e-m+fp/hard/libc_nano.a(libc_a-nano-vfprintf_i.o)
                              /home/administrator/st/stm32cubeclt_1.19.0/GNU-tools-for-STM32/bin/../lib/gcc/arm-none-eabi/13.3.1/../../../../arm-none-eabi/lib/thumb/v7e-m+fp/hard/libc_nano.a(libc_a-nano-vfprintf_float.o) (_printf_common)
/home/administrator/st/stm32cubeclt_1.19.0/GNU-tools-for-STM32/bin/../lib/gcc/arm-none-eabi/13.3.1/../../../../arm-none-eabi/lib/thumb/v7e-m+fp/hard/libc_nano.a(libc_a-findfp.o)
                              /home/administrator/st/stm32cubeclt_1.19.0/GNU-tools-for-STM32/bin/../lib/gcc/arm-none-eabi/13.3.1/../../../../arm-none-eabi/lib/thumb/v7e-m+fp/hard/libc_nano.a(libc_a-exit.o) (__stdio_exit_handler)
/home/administrator/st/stm32cubeclt_1.19.0/GNU-tools-for-STM32/bin/../lib/gcc/arm-none-eabi/13.3.1/../../../../arm-none-eabi/lib/thumb/v7e-m+fp/hard/libc_nano.a(libc_a-fwalk.o)
                              /home/administrator/st/stm32cubeclt_1.19.0/GNU-tools-for-STM32/bin/../lib/gcc/arm-none-eabi/13.3.1/../../../../arm-none-eabi/lib/thumb/v7e-m+fp/hard/libc_nano.a(libc_a-findfp.o) (_fwalk_sglue)
/home/administrator/st/stm32cubeclt_1.19.0/GNU-tools-for-STM32/bin/../lib/gcc/arm-none-eabi/13.3.1/../../../../arm-none-eabi/lib/thumb/v7e-m+fp/hard/libc_nano.a(libc_a-stdio.o)
                              /home/administrator/st/stm32cubeclt_1.19.0/GNU-tools-for-STM32/bin/../lib/gcc/arm-none-eabi/13.3.1/../../../../arm-none-eabi/lib/thumb/v7e-m+fp/hard/libc_nano.a(libc_a-findfp.o) (__sread)
/home/administrator/st/stm32cubeclt_1.19.0/GNU-tools-for-STM32/bin/../lib/gcc/arm-none-eabi/13.3.1/../../../../arm-none-eabi/lib/thumb/v7e-m+fp/hard/libc_nano.a(libc_a-memset.o)
                              /home/administrator/st/stm32cubeclt_1.19.0/GNU-tools-for-STM32/bin/../lib/gcc/arm-none-eabi/13.3.1/../../../../arm-none-eabi/lib/thumb/v7e-m+fp/hard/crt0.o (memset)
/home/administrator/st/stm32cubeclt_1.19.0/GNU-tools-for-STM32/bin/../lib/gcc/arm-none-eabi/13.3.1/../../../../arm-none-eabi/lib/thumb/v7e-m+fp/hard/libc_nano.a(libc_a-localeconv.o)
                              /home/administrator/st/stm32cubeclt_1.19.0/GNU-tools-for-STM32/bin/../lib/gcc/arm-none-eabi/13.3.1/../../../../arm-none-eabi/lib/thumb/v7e-m+fp/hard/libc_nano.a(libc_a-nano-vfprintf_float.o) (_localeconv_r)
/home/administrator/st/stm32cubeclt_1.19.0/GNU-tools-for-STM32/bin/../lib/gcc/arm-none-eabi/13.3.1/../../../../arm-none-eabi/lib/thumb/v7e-m+fp/hard/libc_nano.a(libc_a-closer.o)
                              /home/administrator/st/stm32cubeclt_1.19.0/GNU-tools-for-STM32/bin/../lib/gcc/arm-none-eabi/13.3.1/../../../../arm-none-eabi/lib/thumb/v7e-m+fp/hard/libc_nano.a(libc_a-stdio.o) (_close_r)
/home/administrator/st/stm32cubeclt_1.19.0/GNU-tools-for-STM32/bin/../lib/gcc/arm-none-eabi/13.3.1/../../../../arm-none-eabi/lib/thumb/v7e-m+fp/hard/libc_nano.a(libc_a-reent.o)
                              /home/administrator/st/stm32cubeclt_1.19.0/GNU-tools-for-STM32/bin/../lib/gcc/arm-none-eabi/13.3.1/../../../../arm-none-eabi/lib/thumb/v7e-m+fp/hard/libc_nano.a(libc_a-closer.o) (errno)
/home/administrator/st/stm32cubeclt_1.19.0/GNU-tools-for-STM32/bin/../lib/gcc/arm-none-eabi/13.3.1/../../../../arm-none-eabi/lib/thumb/v7e-m+fp/hard/libc_nano.a(libc_a-impure.o)
                              /home/administrator/st/stm32cubeclt_1.19.0/GNU-tools-for-STM32/bin/../lib/gcc/arm-none-eabi/13.3.1/../../../../arm-none-eabi/lib/thumb/v7e-m+fp/hard/libc_nano.a(libc_a-reent.o) (_impure_ptr)
/home/administrator/st/stm32cubeclt_1.19.0/GNU-tools-for-STM32/bin/../lib/gcc/arm-none-eabi/13.3.1/../../../../arm-none-eabi/lib/thumb/v7e-m+fp/hard/libc_nano.a(libc_a-lseekr.o)
                              /home/administrator/st/stm32cubeclt_1.19.0/GNU-tools-for-STM32/bin/../lib/gcc/arm-none-eabi/13.3.1/../../../../arm-none-eabi/lib/thumb/v7e-m+fp/hard/libc_nano.a(libc_a-stdio.o) (_lseek_r)
/home/administrator/st/stm32cubeclt_1.19.0/GNU-tools-for-STM32/bin/../lib/gcc/arm-none-eabi/13.3.1/../../../../arm-none-eabi/lib/thumb/v7e-m+fp/hard/libc_nano.a(libc_a-readr.o)
[...]
Memory Configuration

Name             Origin             Length             Attributes
RAM              0x20000000         0x0000a000         xrw
CCMRAM           0x10000000         0x00002000         xrw
FLASH            0x08000000         0x00040000         xr
*default*        0x00000000         0xffffffff

Linker script and memory map

LOAD /home/administrator/st/stm32cubeclt_1.19.0/GNU-tools-for-STM32/bin/../lib/gcc/arm-none-eabi/13.3.1/thumb/v7e-m+fp/hard/crti.o
LOAD /home/administrator/st/stm32cubeclt_1.19.0/GNU-tools-for-STM32/bin/../lib/gcc/arm-none-eabi/13.3.1/thumb/v7e-m+fp/hard/crtbegin.o
LOAD /home/administrator/st/stm32cubeclt_1.19.0/GNU-tools-for-STM32/bin/../lib/gcc/arm-none-eabi/13.3.1/../../../../arm-none-eabi/lib/thumb/v7e-m+fp/hard/crt0.o
START GROUP
LOAD /home/administrator/st/stm32cubeclt_1.19.0/GNU-tools-for-STM32/bin/../lib/gcc/arm-none-eabi/13.3.1/../../../../arm-none-eabi/lib/thumb/v7e-m+fp/hard/libc_nano.a
LOAD /home/administrator/st/stm32cubeclt_1.19.0/GNU-tools-for-STM32/bin/../lib/gcc/arm-none-eabi/13.3.1/../../../../arm-none-eabi/lib/thumb/v7e-m+fp/hard/libm.a
END GROUP
LOAD cmake/stm32cubemx/CMakeFiles/STM32_Drivers.dir/__/__/Core/Src/system_stm32f3xx.c.obj
LOAD cmake/stm32cubemx/CMakeFiles/STM32_Drivers.dir/__/__/Drivers/STM32F3xx_HAL_Driver/Src/stm32f3xx_ll_usb.c.obj
LOAD cmake/stm32cubemx/CMakeFiles/STM32_Drivers.dir/__/__/Drivers/STM32F3xx_HAL_Driver/Src/stm32f3xx_hal_i2c.c.obj
LOAD cmake/stm32cubemx/CMakeFiles/STM32_Drivers.dir/__/__/Drivers/STM32F3xx_HAL_Driver/Src/stm32f3xx_hal_i2c_ex.c.obj
LOAD cmake/stm32cubemx/CMakeFiles/STM32_Drivers.dir/__/__/Drivers/STM32F3xx_HAL_Driver/Src/stm32f3xx_hal.c.obj
LOAD cmake/stm32cubemx/CMakeFiles/STM32_Drivers.dir/__/__/Drivers/STM32F3xx_HAL_Driver/Src/stm32f3xx_hal_rcc.c.obj
LOAD cmake/stm32cubemx/CMakeFiles/STM32_Drivers.dir/__/__/Drivers/STM32F3xx_HAL_Driver/Src/stm32f3xx_hal_rcc_ex.c.obj
LOAD cmake/stm32cubemx/CMakeFiles/STM32_Drivers.dir/__/__/Drivers/STM32F3xx_HAL_Driver/Src/stm32f3xx_hal_gpio.c.obj
LOAD cmake/stm32cubemx/CMakeFiles/STM32_Drivers.dir/__/__/Drivers/STM32F3xx_HAL_Driver/Src/stm32f3xx_hal_dma.c.obj
LOAD cmake/stm32cubemx/CMakeFiles/STM32_Drivers.dir/__/__/Drivers/STM32F3xx_HAL_Driver/Src/stm32f3xx_hal_cortex.c.obj
LOAD cmake/stm32cubemx/CMakeFiles/STM32_Drivers.dir/__/__/Drivers/STM32F3xx_HAL_Driver/Src/stm32f3xx_hal_pwr.c.obj
LOAD cmake/stm32cubemx/CMakeFiles/STM32_Drivers.dir/__/__/Drivers/STM32F3xx_HAL_Driver/Src/stm32f3xx_hal_pwr_ex.c.obj
LOAD cmake/stm32cubemx/CMakeFiles/STM32_Drivers.dir/__/__/Drivers/STM32F3xx_HAL_Driver/Src/stm32f3xx_hal_flash.c.obj
LOAD cmake/stm32cubemx/CMakeFiles/STM32_Drivers.dir/__/__/Drivers/STM32F3xx_HAL_Driver/Src/stm32f3xx_hal_flash_ex.c.obj
LOAD cmake/stm32cubemx/CMakeFiles/STM32_Drivers.dir/__/__/Drivers/STM32F3xx_HAL_Driver/Src/stm32f3xx_hal_exti.c.obj
LOAD cmake/stm32cubemx/CMakeFiles/STM32_Drivers.dir/__/__/Drivers/STM32F3xx_HAL_Driver/Src/stm32f3xx_hal_tim.c.obj
LOAD cmake/stm32cubemx/CMakeFiles/STM32_Drivers.dir/__/__/Drivers/STM32F3xx_HAL_Driver/Src/stm32f3xx_hal_tim_ex.c.obj
LOAD cmake/stm32cubemx/CMakeFiles/STM32_Drivers.dir/__/__/Drivers/STM32F3xx_HAL_Driver/Src/stm32f3xx_hal_uart.c.obj
LOAD cmake/stm32cubemx/CMakeFiles/STM32_Drivers.dir/__/__/Drivers/STM32F3xx_HAL_Driver/Src/stm32f3xx_hal_uart_ex.c.obj
LOAD cmake/stm32cubemx/CMakeFiles/STM32_Drivers.dir/__/__/Drivers/STM32F3xx_HAL_Driver/Src/stm32f3xx_hal_pcd.c.obj
LOAD cmake/stm32cubemx/CMakeFiles/STM32_Drivers.dir/__/__/Drivers/STM32F3xx_HAL_Driver/Src/stm32f3xx_hal_pcd_ex.c.obj
LOAD CMakeFiles/LAB_4.dir/Core/Src/main.c.obj
LOAD CMakeFiles/LAB_4.dir/Core/Src/stm32f3xx_it.c.obj
LOAD CMakeFiles/LAB_4.dir/Core/Src/stm32f3xx_hal_msp.c.obj
LOAD CMakeFiles/LAB_4.dir/Core/Src/sysmem.c.obj
LOAD CMakeFiles/LAB_4.dir/Core/Src/syscalls.c.obj
LOAD CMakeFiles/LAB_4.dir/startup_stm32f303xc.s.obj
START GROUP
LOAD /home/administrator/st/stm32cubeclt_1.19.0/GNU-tools-for-STM32/bin/../lib/gcc/arm-none-eabi/13.3.1/thumb/v7e-m+fp/hard/libgcc.a
LOAD /home/administrator/st/stm32cubeclt_1.19.0/GNU-tools-for-STM32/bin/../lib/gcc/arm-none-eabi/13.3.1/../../../../arm-none-eabi/lib/thumb/v7e-m+fp/hard/libg_nano.a
LOAD /home/administrator/st/stm32cubeclt_1.19.0/GNU-tools-for-STM32/bin/../lib/gcc/arm-none-eabi/13.3.1/../../../../arm-none-eabi/lib/thumb/v7e-m+fp/hard/libc_nano.a
END GROUP
START GROUP
LOAD /home/administrator/st/stm32cubeclt_1.19.0/GNU-tools-for-STM32/bin/../lib/gcc/arm-none-eabi/13.3.1/thumb/v7e-m+fp/hard/libgcc.a
LOAD /home/administrator/st/stm32cubeclt_1.19.0/GNU-tools-for-STM32/bin/../lib/gcc/arm-none-eabi/13.3.1/../../../../arm-none-eabi/lib/thumb/v7e-m+fp/hard/libc_nano.a
END GROUP
LOAD /home/administrator/st/stm32cubeclt_1.19.0/GNU-tools-for-STM32/bin/../lib/gcc/arm-none-eabi/13.3.1/thumb/v7e-m+fp/hard/crtend.o
LOAD /home/administrator/st/stm32cubeclt_1.19.0/GNU-tools-for-STM32/bin/../lib/gcc/arm-none-eabi/13.3.1/thumb/v7e-m+fp/hard/crtn.o
                0x2000a000                        _estack = (ORIGIN (RAM) + LENGTH (RAM))
                0x00000200                        _Min_Heap_Size = 0x200
                0x00000400                        _Min_Stack_Size = 0x400

.isr_vector     0x08000000      0x188
                0x08000000                        . = ALIGN (0x4)
 *(.isr_vector)
 .isr_vector    0x08000000      0x188 CMakeFiles/LAB_4.dir/startup_stm32f303xc.s.obj
                0x08000000                g_pfnVectors
                0x08000188                        . = ALIGN (0x4)

.text           0x08000190     0x79b8
                0x08000190                        . = ALIGN (0x4)
 *(.text)
 .text          0x08000190       0x40 /home/administrator/st/stm32cubeclt_1.19.0/GNU-tools-for-STM32/bin/../lib/gcc/arm-none-eabi/13.3.1/thumb/v7e-m+fp/hard/crtbegin.o
 .text          0x080001d0       0xa0 /home/administrator/st/stm32cubeclt_1.19.0/GNU-tools-for-STM32/bin/../lib/gcc/arm-none-eabi/13.3.1/../../../../arm-none-eabi/lib/thumb/v7e-m+fp/hard/libc_nano.a(libc_a-memchr.o)
                0x080001d0                memchr
 .text          0x08000270       0x10 /home/administrator/st/stm32cubeclt_1.19.0/GNU-tools-for-STM32/bin/../lib/gcc/arm-none-eabi/13.3.1/../../../../arm-none-eabi/lib/thumb/v7e-m+fp/hard/libc_nano.a(libc_a-strlen.o)
                0x08000270                strlen
 .text          0x08000280      0x378 /home/administrator/st/stm32cubeclt_1.19.0/GNU-tools-for-STM32/bin/../lib/gcc/arm-none-eabi/13.3.1/thumb/v7e-m+fp/hard/libgcc.a(_arm_addsubdf3.o)
                0x08000280                __aeabi_drsub
                0x08000288                __aeabi_dsub
                0x08000288                __subdf3
                0x0800028c                __adddf3
                0x0800028c                __aeabi_dadd
                0x08000504                __aeabi_ui2d
                0x08000504                __floatunsidf
                0x08000524                __floatsidf
                0x08000524                __aeabi_i2d
                0x08000548                __extendsfdf2
                0x08000548                __aeabi_f2d
                0x0800058c                __aeabi_ul2d
                0x0800058c                __floatundidf
                0x0800059c                __floatdidf
                0x0800059c                __aeabi_l2d
 .text          0x080005f8      0x424 /home/administrator/st/stm32cubeclt_1.19.0/GNU-tools-for-STM32/bin/../lib/gcc/arm-none-eabi/13.3.1/thumb/v7e-m+fp/hard/libgcc.a(_arm_muldivdf3.o)
                0x080005f8                __aeabi_dmul
                0x080005f8                __muldf3
                0x0800084c                __aeabi_ddiv
                0x0800084c                __divdf3
 .text          0x08000a1c      0x110 /home/administrator/st/stm32cubeclt_1.19.0/GNU-tools-for-STM32/bin/../lib/gcc/arm-none-eabi/13.3.1/thumb/v7e-m+fp/hard/libgcc.a(_arm_cmpdf2.o)
                0x08000a1c                __gtdf2
                0x08000a1c                __gedf2
                0x08000a24                __ltdf2
                0x08000a24                __ledf2
                0x08000a2c                __cmpdf2
                0x08000a2c                __eqdf2
                0x08000a2c                __nedf2
                0x08000aa8                __aeabi_cdrcmple
                0x08000ab8                __aeabi_cdcmple
                0x08000ab8                __aeabi_cdcmpeq
                0x08000ac8                __aeabi_dcmpeq
                0x08000adc                __aeabi_dcmplt
                0x08000af0                __aeabi_dcmple
                0x08000b04                __aeabi_dcmpge
                0x08000b18                __aeabi_dcmpgt
 .text          0x08000b2c       0x2c /home/administrator/st/stm32cubeclt_1.19.0/GNU-tools-for-STM32/bin/../lib/gcc/arm-none-eabi/13.3.1/thumb/v7e-m+fp/hard/libgcc.a(_arm_unorddf2.o)
                0x08000b2c                __aeabi_dcmpun
                0x08000b2c                __unorddf2
 .text          0x08000b58       0x50 /home/administrator/st/stm32cubeclt_1.19.0/GNU-tools-for-STM32/bin/../lib/gcc/arm-none-eabi/13.3.1/thumb/v7e-m+fp/hard/libgcc.a(_arm_fixdfsi.o)
                0x08000b58                __fixdfsi
                0x08000b58                __aeabi_d2iz
 *(.text*)
 .text.__cvt    0x08000ba8       0xca /home/administrator/st/stm32cubeclt_1.19.0/GNU-tools-for-STM32/bin/../lib/gcc/arm-none-eabi/13.3.1/../../../../arm-none-eabi/lib/thumb/v7e-m+fp/hard/libc_nano.a(libc_a-nano-vfprintf_float.o)
                0x08000ba8                __cvt
 .text.__exponent
                0x08000c72       0x74 /home/administrator/st/stm32cubeclt_1.19.0/GNU-tools-for-STM32/bin/../lib/gcc/arm-none-eabi/13.3.1/../../../../arm-none-eabi/lib/thumb/v7e-m+fp/hard/libc_nano.a(libc_a-nano-vfprintf_float.o)
                0x08000c72                __exponent
 *fill*         0x08000ce6        0x2 
 .text._printf_float
                0x08000ce8      0x454 /home/administrator/st/stm32cubeclt_1.19.0/GNU-tools-for-STM32/bin/../lib/gcc/arm-none-eabi/13.3.1/../../../../arm-none-eabi/lib/thumb/v7e-m+fp/hard/libc_nano.a(libc_a-nano-vfprintf_float.o)
                0x08000ce8                _printf_float
 .text._printf_common
                0x0800113c       0xda /home/administrator/st/stm32cubeclt_1.19.0/GNU-tools-for-STM32/bin/../lib/gcc/arm-none-eabi/13.3.1/../../../../arm-none-eabi/lib/thumb/v7e-m+fp/hard/libc_nano.a(libc_a-nano-vfprintf_i.o)
                0x0800113c                _printf_common
 *fill*         0x08001216        0x2 
 .text._printf_i
                0x08001218      0x23c /home/administrator/st/stm32cubeclt_1.19.0/GNU-tools-for-STM32/bin/../lib/gcc/arm-none-eabi/13.3.1/../../../../arm-none-eabi/lib/thumb/v7e-m+fp/hard/libc_nano.a(libc_a-nano-vfprintf_i.o)
                0x08001218                _printf_i
 .text.std      0x08001454       0x6c /home/administrator/st/stm32cubeclt_1.19.0/GNU-tools-for-STM32/bin/../lib/gcc/arm-none-eabi/13.3.1/../../../../arm-none-eabi/lib/thumb/v7e-m+fp/hard/libc_nano.a(libc_a-findfp.o)
 .text.stdio_exit_handler
                0x080014c0       0x18 /home/administrator/st/stm32cubeclt_1.19.0/GNU-tools-for-STM32/bin/../lib/gcc/arm-none-eabi/13.3.1/../../../../arm-none-eabi/lib/thumb/v7e-m+fp/hard/libc_nano.a(libc_a-findfp.o)
 .text.cleanup_stdio
                0x080014d8       0x40 /home/administrator/st/stm32cubeclt_1.19.0/GNU-tools-for-STM32/bin/../lib/gcc/arm-none-eabi/13.3.1/../../../../arm-none-eabi/lib/thumb/v7e-m+fp/hard/libc_nano.a(libc_a-findfp.o)
 .text.global_stdio_init.part.0
                0x08001518       0x3c /home/administrator/st/stm32cubeclt_1.19.0/GNU-tools-for-STM32/bin/../lib/gcc/arm-none-eabi/13.3.1/../../../../arm-none-eabi/lib/thumb/v7e-m+fp/hard/libc_nano.a(libc_a-findfp.o)
 .text.__sfp_lock_acquire
                0x08001554        0xc /home/administrator/st/stm32cubeclt_1.19.0/GNU-tools-for-STM32/bin/../lib/gcc/arm-none-eabi/13.3.1/../../../../arm-none-eabi/lib/thumb/v7e-m+fp/hard/libc_nano.a(libc_a-findfp.o)
                0x08001554                __sfp_lock_acquire
 .text.__sfp_lock_release
                0x08001560        0xc /home/administrator/st/stm32cubeclt_1.19.0/GNU-tools-for-STM32/bin/../lib/gcc/arm-none-eabi/13.3.1/../../../../arm-none-eabi/lib/thumb/v7e-m+fp/hard/libc_nano.a(libc_a-findfp.o)
                0x08001560                __sfp_lock_release
 .text.__sinit  0x0800156c       0x30 /home/administrator/st/stm32cubeclt_1.19.0/GNU-tools-for-STM32/bin/../lib/gcc/arm-none-eabi/13.3.1/../../../../arm-none-eabi/lib/thumb/v7e-m+fp/hard/libc_nano.a(libc_a-findfp.o)
                0x0800156c                __sinit
 .text._fwalk_sglue
                0x0800159c       0x3c /home/administrator/st/stm32cubeclt_1.19.0/GNU-tools-for-STM32/bin/../lib/gcc/arm-none-eabi/13.3.1/../../../../arm-none-eabi/lib/thumb/v7e-m+fp/hard/libc_nano.a(libc_a-fwalk.o)
                0x0800159c                _fwalk_sglue
 .text.__sread  0x080015d8       0x22 /home/administrator/st/stm32cubeclt_1.19.0/GNU-tools-for-STM32/bin/../lib/gcc/arm-none-eabi/13.3.1/../../../../arm-none-eabi/lib/thumb/v7e-m+fp/hard/libc_nano.a(libc_a-stdio.o)
                0x080015d8                __sread
 .text.__swrite
                0x080015fa       0x38 /home/administrator/st/stm32cubeclt_1.19.0/GNU-tools-for-STM32/bin/../lib/gcc/arm-none-eabi/13.3.1/../../../../arm-none-eabi/lib/thumb/v7e-m+fp/hard/libc_nano.a(libc_a-stdio.o)
                0x080015fa                __swrite
 .text.__sseek  0x08001632       0x24 /home/administrator/st/stm32cubeclt_1.19.0/GNU-tools-for-STM32/bin/../lib/gcc/arm-none-eabi/13.3.1/../../../../arm-none-eabi/lib/thumb/v7e-m+fp/hard/libc_nano.a(libc_a-stdio.o)
                0x08001632                __sseek
 .text.__sclose
                0x08001656        0x8 /home/administrator/st/stm32cubeclt_1.19.0/GNU-tools-for-STM32/bin/../lib/gcc/arm-none-eabi/13.3.1/../../../../arm-none-eabi/lib/thumb/v7e-m+fp/hard/libc_nano.a(libc_a-stdio.o)
                0x08001656                __sclose
 .text.memset   0x0800165e       0x10 /home/administrator/st/stm32cubeclt_1.19.0/GNU-tools-for-STM32/bin/../lib/gcc/arm-none-eabi/13.3.1/../../../../arm-none-eabi/lib/thumb/v7e-m+fp/hard/libc_nano.a(libc_a-memset.o)
                0x0800165e                memset
 *fill*         0x0800166e        0x2 
 .text._localeconv_r
                0x08001670        0x8 /home/administrator/st/stm32cubeclt_1.19.0/GNU-tools-for-STM32/bin/../lib/gcc/arm-none-eabi/13.3.1/../../../../arm-none-eabi/lib/thumb/v7e-m+fp/hard/libc_nano.a(libc_a-localeconv.o)
                0x08001670                _localeconv_r
 .text._close_r
                0x08001678       0x20 /home/administrator/st/stm32cubeclt_1.19.0/GNU-tools-for-STM32/bin/../lib/gcc/arm-none-eabi/13.3.1/../../../../arm-none-eabi/lib/thumb/v7e-m+fp/hard/libc_nano.a(libc_a-closer.o)
                0x08001678                _close_r
 .text._lseek_r
                0x08001698       0x24 /home/administrator/st/stm32cubeclt_1.19.0/GNU-tools-for-STM32/bin/../lib/gcc/arm-none-eabi/13.3.1/../../../../arm-none-eabi/lib/thumb/v7e-m+fp/hard/libc_nano.a(libc_a-lseekr.o)
                0x08001698                _lseek_r
 .text._read_r  0x080016bc       0x24 /home/administrator/st/stm32cubeclt_1.19.0/GNU-tools-for-STM32/bin/../lib/gcc/arm-none-eabi/13.3.1/../../../../arm-none-eabi/lib/thumb/v7e-m+fp/hard/libc_nano.a(libc_a-readr.o)
                0x080016bc                _read_r
 .text._write_r
                0x080016e0       0x24 /home/administrator/st/stm32cubeclt_1.19.0/GNU-tools-for-STM32/bin/../lib/gcc/arm-none-eabi/13.3.1/../../../../arm-none-eabi/lib/thumb/v7e-m+fp/hard/libc_nano.a(libc_a-writer.o)
                0x080016e0                _write_r
 .text.__libc_init_array
                0x08001704       0x48 /home/administrator/st/stm32cubeclt_1.19.0/GNU-tools-for-STM32/bin/../lib/gcc/arm-none-eabi/13.3.1/../../../../arm-none-eabi/lib/thumb/v7e-m+fp/hard/libc_nano.a(libc_a-init.o)
                0x08001704                __libc_init_array
 .text.__retarget_lock_init_recursive
                0x0800174c        0x2 /home/administrator/st/stm32cubeclt_1.19.0/GNU-tools-for-STM32/bin/../lib/gcc/arm-none-eabi/13.3.1/../../../../arm-none-eabi/lib/thumb/v7e-m+fp/hard/libc_nano.a(libc_a-lock.o)
                0x0800174c                __retarget_lock_init_recursive
 .text.__retarget_lock_acquire_recursive
                0x0800174e        0x2 /home/administrator/st/stm32cubeclt_1.19.0/GNU-tools-for-STM32/bin/../lib/gcc/arm-none-eabi/13.3.1/../../../../arm-none-eabi/lib/thumb/v7e-m+fp/hard/libc_nano.a(libc_a-lock.o)
                0x0800174e                __retarget_lock_acquire_recursive
 .text.__retarget_lock_release_recursive
                0x08001750        0x2 /home/administrator/st/stm32cubeclt_1.19.0/GNU-tools-for-STM32/bin/../lib/gcc/arm-none-eabi/13.3.1/../../../../arm-none-eabi/lib/thumb/v7e-m+fp/hard/libc_nano.a(libc_a-lock.o)
                0x08001750                __retarget_lock_release_recursive
 .text.quorem   0x08001752      0x110 /home/administrator/st/stm32cubeclt_1.19.0/GNU-tools-for-STM32/bin/../lib/gcc/arm-none-eabi/13.3.1/../../../../arm-none-eabi/lib/thumb/v7e-m+fp/hard/libc_nano.a(libc_a-dtoa.o)
 *fill*         0x08001862        0x6 
 .text._dtoa_r  0x08001868      0xba0 /home/administrator/st/stm32cubeclt_1.19.0/GNU-tools-for-STM32/bin/../lib/gcc/arm-none-eabi/13.3.1/../../../../arm-none-eabi/lib/thumb/v7e-m+fp/hard/libc_nano.a(libc_a-dtoa.o)
                0x08001868                _dtoa_r
 .text._free_r  0x08002408       0x94 /home/administrator/st/stm32cubeclt_1.19.0/GNU-tools-for-STM32/bin/../lib/gcc/arm-none-eabi/13.3.1/../../../../arm-none-eabi/lib/thumb/v7e-m+fp/hard/libc_nano.a(libc_a-freer.o)
                0x08002408                _free_r
 .text.malloc   0x0800249c       0x10 /home/administrator/st/stm32cubeclt_1.19.0/GNU-tools-for-STM32/bin/../lib/gcc/arm-none-eabi/13.3.1/../../../../arm-none-eabi/lib/thumb/v7e-m+fp/hard/libc_nano.a(libc_a-malloc.o)
                0x0800249c                malloc
 .text.sbrk_aligned
                0x080024ac       0x44 /home/administrator/st/stm32cubeclt_1.19.0/GNU-tools-for-STM32/bin/../lib/gcc/arm-none-eabi/13.3.1/../../../../arm-none-eabi/lib/thumb/v7e-m+fp/hard/libc_nano.a(libc_a-mallocr.o)
 .text._malloc_r
                0x080024f0      0x100 /home/administrator/st/stm32cubeclt_1.19.0/GNU-tools-for-STM32/bin/../lib/gcc/arm-none-eabi/13.3.1/../../../../arm-none-eabi/lib/thumb/v7e-m+fp/hard/libc_nano.a(libc_a-mallocr.o)
                0x080024f0                _malloc_r
 .text.__malloc_lock
                0x080025f0        0xc /home/administrator/st/stm32cubeclt_1.19.0/GNU-tools-for-STM32/bin/../lib/gcc/arm-none-eabi/13.3.1/../../../../arm-none-eabi/lib/thumb/v7e-m+fp/hard/libc_nano.a(libc_a-mlock.o)
                0x080025f0                __malloc_lock
 .text.__malloc_unlock
                0x080025fc        0xc /home/administrator/st/stm32cubeclt_1.19.0/GNU-tools-for-STM32/bin/../lib/gcc/arm-none-eabi/13.3.1/../../../../arm-none-eabi/lib/thumb/v7e-m+fp/hard/libc_nano.a(libc_a-mlock.o)
                0x080025fc                __malloc_unlock
 .text._Balloc  0x08002608       0x80 /home/administrator/st/stm32cubeclt_1.19.0/GNU-tools-for-STM32/bin/../lib/gcc/arm-none-eabi/13.3.1/../../../../arm-none-eabi/lib/thumb/v7e-m+fp/hard/libc_nano.a(libc_a-mprec.o)
                0x08002608                _Balloc
 .text._Bfree   0x08002688       0x44 /home/administrator/st/stm32cubeclt_1.19.0/GNU-tools-for-STM32/bin/../lib/gcc/arm-none-eabi/13.3.1/../../../../arm-none-eabi/lib/thumb/v7e-m+fp/hard/libc_nano.a(libc_a-mprec.o)
                0x08002688                _Bfree
 .text.__multadd
                0x080026cc       0x8c /home/administrator/st/stm32cubeclt_1.19.0/GNU-tools-for-STM32/bin/../lib/gcc/arm-none-eabi/13.3.1/../../../../arm-none-eabi/lib/thumb/v7e-m+fp/hard/libc_nano.a(libc_a-mprec.o)
                0x080026cc                __multadd
 .text.__hi0bits
                0x08002758       0x3e /home/administrator/st/stm32cubeclt_1.19.0/GNU-tools-for-STM32/bin/../lib/gcc/arm-none-eabi/13.3.1/../../../../arm-none-eabi/lib/thumb/v7e-m+fp/hard/libc_nano.a(libc_a-mprec.o)
                0x08002758                __hi0bits
 .text.__lo0bits
                0x08002796       0x5a /home/administrator/st/stm32cubeclt_1.19.0/GNU-tools-for-STM32/bin/../lib/gcc/arm-none-eabi/13.3.1/../../../../arm-none-eabi/lib/thumb/v7e-m+fp/hard/libc_nano.a(libc_a-mprec.o)
                0x08002796                __lo0bits
 .text.__i2b    0x080027f0       0x2c /home/administrator/st/stm32cubeclt_1.19.0/GNU-tools-for-STM32/bin/../lib/gcc/arm-none-eabi/13.3.1/../../../../arm-none-eabi/lib/thumb/v7e-m+fp/hard/libc_nano.a(libc_a-mprec.o)
                0x080027f0                __i2b
 .text.__multiply
                0x0800281c      0x144 /home/administrator/st/stm32cubeclt_1.19.0/GNU-tools-for-STM32/bin/../lib/gcc/arm-none-eabi/13.3.1/../../../../arm-none-eabi/lib/thumb/v7e-m+fp/hard/libc_nano.a(libc_a-mprec.o)
                0x0800281c                __multiply
 .text.__pow5mult
                0x08002960       0xb4 /home/administrator/st/stm32cubeclt_1.19.0/GNU-tools-for-STM32/bin/../lib/gcc/arm-none-eabi/13.3.1/../../../../arm-none-eabi/lib/thumb/v7e-m+fp/hard/libc_nano.a(libc_a-mprec.o)
                0x08002960                __pow5mult
 .text.__lshift
                0x08002a14       0xd8 /home/administrator/st/stm32cubeclt_1.19.0/GNU-tools-for-STM32/bin/../lib/gcc/arm-none-eabi/13.3.1/../../../../arm-none-eabi/lib/thumb/v7e-m+fp/hard/libc_nano.a(libc_a-mprec.o)
                0x08002a14                __lshift
 .text.__mcmp   0x08002aec       0x36 /home/administrator/st/stm32cubeclt_1.19.0/GNU-tools-for-STM32/bin/../lib/gcc/arm-none-eabi/13.3.1/../../../../arm-none-eabi/lib/thumb/v7e-m+fp/hard/libc_nano.a(libc_a-mprec.o)
                0x08002aec                __mcmp
 *fill*         0x08002b22        0x2 
 .text.__mdiff  0x08002b24      0x128 /home/administrator/st/stm32cubeclt_1.19.0/GNU-tools-for-STM32/bin/../lib/gcc/arm-none-eabi/13.3.1/../../../../arm-none-eabi/lib/thumb/v7e-m+fp/hard/libc_nano.a(libc_a-mprec.o)
                0x08002b24                __mdiff
 .text.__d2b    0x08002c4c       0xb0 /home/administrator/st/stm32cubeclt_1.19.0/GNU-tools-for-STM32/bin/../lib/gcc/arm-none-eabi/13.3.1/../../../../arm-none-eabi/lib/thumb/v7e-m+fp/hard/libc_nano.a(libc_a-mprec.o)
                0x08002c4c                __d2b
 .text.__sflush_r
                0x08002cfc      0x108 /home/administrator/st/stm32cubeclt_1.19.0/GNU-tools-for-STM32/bin/../lib/gcc/arm-none-eabi/13.3.1/../../../../arm-none-eabi/lib/thumb/v7e-m+fp/hard/libc_nano.a(libc_a-fflush.o)
                0x08002cfc                __sflush_r
 .text._fflush_r
                0x08002e04       0x50 /home/administrator/st/stm32cubeclt_1.19.0/GNU-tools-for-STM32/bin/../lib/gcc/arm-none-eabi/13.3.1/../../../../arm-none-eabi/lib/thumb/v7e-m+fp/hard/libc_nano.a(libc_a-fflush.o)
                0x08002e04                _fflush_r
 .text._sbrk_r  0x08002e54       0x20 /home/administrator/st/stm32cubeclt_1.19.0/GNU-tools-for-STM32/bin/../lib/gcc/arm-none-eabi/13.3.1/../../../../arm-none-eabi/lib/thumb/v7e-m+fp/hard/libc_nano.a(libc_a-sbrkr.o)
                0x08002e54                _sbrk_r
 .text.memcpy   0x08002e74       0x1c /home/administrator/st/stm32cubeclt_1.19.0/GNU-tools-for-STM32/bin/../lib/gcc/arm-none-eabi/13.3.1/../../../../arm-none-eabi/lib/thumb/v7e-m+fp/hard/libc_nano.a(libc_a-memcpy-stub.o)
                0x08002e74                memcpy
 .text.__assert_func
                0x08002e90       0x3c /home/administrator/st/stm32cubeclt_1.19.0/GNU-tools-for-STM32/bin/../lib/gcc/arm-none-eabi/13.3.1/../../../../arm-none-eabi/lib/thumb/v7e-m+fp/hard/libc_nano.a(libc_a-assert.o)
                0x08002e90                __assert_func
 .text._calloc_r
                0x08002ecc       0x28 /home/administrator/st/stm32cubeclt_1.19.0/GNU-tools-for-STM32/bin/../lib/gcc/arm-none-eabi/13.3.1/../../../../arm-none-eabi/lib/thumb/v7e-m+fp/hard/libc_nano.a(libc_a-callocr.o)
                0x08002ecc                _calloc_r
 .text.__ascii_mbtowc
                0x08002ef4       0x24 /home/administrator/st/stm32cubeclt_1.19.0/GNU-tools-for-STM32/bin/../lib/gcc/arm-none-eabi/13.3.1/../../../../arm-none-eabi/lib/thumb/v7e-m+fp/hard/libc_nano.a(libc_a-mbtowc_r.o)
                0x08002ef4                __ascii_mbtowc
 .text.__ascii_wctomb
                0x08002f18       0x1a /home/administrator/st/stm32cubeclt_1.19.0/GNU-tools-for-STM32/bin/../lib/gcc/arm-none-eabi/13.3.1/../../../../arm-none-eabi/lib/thumb/v7e-m+fp/hard/libc_nano.a(libc_a-wctomb_r.o)
                0x08002f18                __ascii_wctomb
 *fill*         0x08002f32        0x2 
 .text.fprintf  0x08002f34       0x24 /home/administrator/st/stm32cubeclt_1.19.0/GNU-tools-for-STM32/bin/../lib/gcc/arm-none-eabi/13.3.1/../../../../arm-none-eabi/lib/thumb/v7e-m+fp/hard/libc_nano.a(libc_a-fprintf.o)
                0x08002f34                fprintf
                0x08002f34                fiprintf
 .text.abort    0x08002f58        0xe /home/administrator/st/stm32cubeclt_1.19.0/GNU-tools-for-STM32/bin/../lib/gcc/arm-none-eabi/13.3.1/../../../../arm-none-eabi/lib/thumb/v7e-m+fp/hard/libc_nano.a(libc_a-abort.o)
                0x08002f58                abort
 .text.__sfputc_r
                0x08002f66       0x2e /home/administrator/st/stm32cubeclt_1.19.0/GNU-tools-for-STM32/bin/../lib/gcc/arm-none-eabi/13.3.1/../../../../arm-none-eabi/lib/thumb/v7e-m+fp/hard/libc_nano.a(libc_a-nano-vfprintf.o)
 .text.__sfputs_r
                0x08002f94       0x24 /home/administrator/st/stm32cubeclt_1.19.0/GNU-tools-for-STM32/bin/../lib/gcc/arm-none-eabi/13.3.1/../../../../arm-none-eabi/lib/thumb/v7e-m+fp/hard/libc_nano.a(libc_a-nano-vfprintf.o)
                0x08002f94                __sfputs_r
 .text._vfprintf_r
                0x08002fb8      0x230 /home/administrator/st/stm32cubeclt_1.19.0/GNU-tools-for-STM32/bin/../lib/gcc/arm-none-eabi/13.3.1/../../../../arm-none-eabi/lib/thumb/v7e-m+fp/hard/libc_nano.a(libc_a-nano-vfprintf.o)
                0x08002fb8                _vfiprintf_r
                0x08002fb8                _vfprintf_r
 .text.__swbuf_r
                0x080031e8       0x7c /home/administrator/st/stm32cubeclt_1.19.0/GNU-tools-for-STM32/bin/../lib/gcc/arm-none-eabi/13.3.1/../../../../arm-none-eabi/lib/thumb/v7e-m+fp/hard/libc_nano.a(libc_a-wbuf.o)
                0x080031e8                __swbuf_r
 .text.__swsetup_r
                0x08003264       0xac /home/administrator/st/stm32cubeclt_1.19.0/GNU-tools-for-STM32/bin/../lib/gcc/arm-none-eabi/13.3.1/../../../../arm-none-eabi/lib/thumb/v7e-m+fp/hard/libc_nano.a(libc_a-wsetup.o)
                0x08003264                __swsetup_r
 .text._raise_r
                0x08003310       0x50 /home/administrator/st/stm32cubeclt_1.19.0/GNU-tools-for-STM32/bin/../lib/gcc/arm-none-eabi/13.3.1/../../../../arm-none-eabi/lib/thumb/v7e-m+fp/hard/libc_nano.a(libc_a-signal.o)
                0x08003310                _raise_r
 .text.raise    0x08003360       0x10 /home/administrator/st/stm32cubeclt_1.19.0/GNU-tools-for-STM32/bin/../lib/gcc/arm-none-eabi/13.3.1/../../../../arm-none-eabi/lib/thumb/v7e-m+fp/hard/libc_nano.a(libc_a-signal.o)
                0x08003360                raise
 .text._kill_r  0x08003370       0x24 /home/administrator/st/stm32cubeclt_1.19.0/GNU-tools-for-STM32/bin/../lib/gcc/arm-none-eabi/13.3.1/../../../../arm-none-eabi/lib/thumb/v7e-m+fp/hard/libc_nano.a(libc_a-signalr.o)
                0x08003370                _kill_r
 .text._getpid_r
                0x08003394        0x4 /home/administrator/st/stm32cubeclt_1.19.0/GNU-tools-for-STM32/bin/../lib/gcc/arm-none-eabi/13.3.1/../../../../arm-none-eabi/lib/thumb/v7e-m+fp/hard/libc_nano.a(libc_a-signalr.o)
                0x08003394                _getpid_r
 .text.__swhatbuf_r
                0x08003398       0x4c /home/administrator/st/stm32cubeclt_1.19.0/GNU-tools-for-STM32/bin/../lib/gcc/arm-none-eabi/13.3.1/../../../../arm-none-eabi/lib/thumb/v7e-m+fp/hard/libc_nano.a(libc_a-makebuf.o)
                0x08003398                __swhatbuf_r
 .text.__smakebuf_r
                0x080033e4       0x78 /home/administrator/st/stm32cubeclt_1.19.0/GNU-tools-for-STM32/bin/../lib/gcc/arm-none-eabi/13.3.1/../../../../arm-none-eabi/lib/thumb/v7e-m+fp/hard/libc_nano.a(libc_a-makebuf.o)
                0x080033e4                __smakebuf_r
 .text._fstat_r
                0x0800345c       0x24 /home/administrator/st/stm32cubeclt_1.19.0/GNU-tools-for-STM32/bin/../lib/gcc/arm-none-eabi/13.3.1/../../../../arm-none-eabi/lib/thumb/v7e-m+fp/hard/libc_nano.a(libc_a-fstatr.o)
                0x0800345c                _fstat_r
 .text._isatty_r
                0x08003480       0x20 /home/administrator/st/stm32cubeclt_1.19.0/GNU-tools-for-STM32/bin/../lib/gcc/arm-none-eabi/13.3.1/../../../../arm-none-eabi/lib/thumb/v7e-m+fp/hard/libc_nano.a(libc_a-isattyr.o)
                0x08003480                _isatty_r
 .text.SystemInit
                0x080034a0       0x24 cmake/stm32cubemx/CMakeFiles/STM32_Drivers.dir/__/__/Core/Src/system_stm32f3xx.c.obj
                0x080034a0                SystemInit
 .text.USB_DisableGlobalInt
                0x080034c4       0x36 cmake/stm32cubemx/CMakeFiles/STM32_Drivers.dir/__/__/Drivers/STM32F3xx_HAL_Driver/Src/stm32f3xx_ll_usb.c.obj
                0x080034c4                USB_DisableGlobalInt
 .text.USB_DevInit
                0x080034fa       0x3c cmake/stm32cubemx/CMakeFiles/STM32_Drivers.dir/__/__/Drivers/STM32F3xx_HAL_Driver/Src/stm32f3xx_ll_usb.c.obj
                0x080034fa                USB_DevInit
 .text.HAL_I2C_Init
                0x08003536      0x136 cmake/stm32cubemx/CMakeFiles/STM32_Drivers.dir/__/__/Drivers/STM32F3xx_HAL_Driver/Src/stm32f3xx_hal_i2c.c.obj
                0x08003536                HAL_I2C_Init
 .text.HAL_I2CEx_ConfigAnalogFilter
                0x0800366c       0x96 cmake/stm32cubemx/CMakeFiles/STM32_Drivers.dir/__/__/Drivers/STM32F3xx_HAL_Driver/Src/stm32f3xx_hal_i2c_ex.c.obj
                0x0800366c                HAL_I2CEx_ConfigAnalogFilter
 .text.HAL_I2CEx_ConfigDigitalFilter
                0x08003702       0x98 cmake/stm32cubemx/CMakeFiles/STM32_Drivers.dir/__/__/Drivers/STM32F3xx_HAL_Driver/Src/stm32f3xx_hal_i2c_ex.c.obj
                0x08003702                HAL_I2CEx_ConfigDigitalFilter
 *fill*         0x0800379a        0x2 
 .text.HAL_Init
                0x0800379c       0x2c cmake/stm32cubemx/CMakeFiles/STM32_Drivers.dir/__/__/Drivers/STM32F3xx_HAL_Driver/Src/stm32f3xx_hal.c.obj
                0x0800379c                HAL_Init
 .text.HAL_InitTick
                0x080037c8       0x60 cmake/stm32cubemx/CMakeFiles/STM32_Drivers.dir/__/__/Drivers/STM32F3xx_HAL_Driver/Src/stm32f3xx_hal.c.obj
                0x080037c8                HAL_InitTick
 .text.HAL_IncTick
                0x08003828       0x28 cmake/stm32cubemx/CMakeFiles/STM32_Drivers.dir/__/__/Drivers/STM32F3xx_HAL_Driver/Src/stm32f3xx_hal.c.obj
                0x08003828                HAL_IncTick
 .text.HAL_GetTick
                0x08003850       0x18 cmake/stm32cubemx/CMakeFiles/STM32_Drivers.dir/__/__/Drivers/STM32F3xx_HAL_Driver/Src/stm32f3xx_hal.c.obj
                0x08003850                HAL_GetTick
 .text.HAL_Delay
                0x08003868       0x48 cmake/stm32cubemx/CMakeFiles/STM32_Drivers.dir/__/__/Drivers/STM32F3xx_HAL_Driver/Src/stm32f3xx_hal.c.obj
                0x08003868                HAL_Delay
 .text.HAL_RCC_OscConfig
                0x080038b0     0x101c cmake/stm32cubemx/CMakeFiles/STM32_Drivers.dir/__/__/Drivers/STM32F3xx_HAL_Driver/Src/stm32f3xx_hal_rcc.c.obj
                0x080038b0                HAL_RCC_OscConfig
 .text.HAL_RCC_ClockConfig
                0x080048cc      0x2dc cmake/stm32cubemx/CMakeFiles/STM32_Drivers.dir/__/__/Drivers/STM32F3xx_HAL_Driver/Src/stm32f3xx_hal_rcc.c.obj
                0x080048cc                HAL_RCC_ClockConfig
 .text.HAL_RCC_GetSysClockFreq
                0x08004ba8       0xa8 cmake/stm32cubemx/CMakeFiles/STM32_Drivers.dir/__/__/Drivers/STM32F3xx_HAL_Driver/Src/stm32f3xx_hal_rcc.c.obj
                0x08004ba8                HAL_RCC_GetSysClockFreq
 .text.HAL_RCC_GetHCLKFreq
                0x08004c50       0x18 cmake/stm32cubemx/CMakeFiles/STM32_Drivers.dir/__/__/Drivers/STM32F3xx_HAL_Driver/Src/stm32f3xx_hal_rcc.c.obj
                0x08004c50                HAL_RCC_GetHCLKFreq
 .text.HAL_RCC_GetPCLK1Freq
                0x08004c68       0x44 cmake/stm32cubemx/CMakeFiles/STM32_Drivers.dir/__/__/Drivers/STM32F3xx_HAL_Driver/Src/stm32f3xx_hal_rcc.c.obj
                0x08004c68                HAL_RCC_GetPCLK1Freq
 .text.HAL_RCC_GetPCLK2Freq
                0x08004cac       0x44 cmake/stm32cubemx/CMakeFiles/STM32_Drivers.dir/__/__/Drivers/STM32F3xx_HAL_Driver/Src/stm32f3xx_hal_rcc.c.obj
                0x08004cac                HAL_RCC_GetPCLK2Freq
 .text.HAL_RCCEx_PeriphCLKConfig
                0x08004cf0      0x35c cmake/stm32cubemx/CMakeFiles/STM32_Drivers.dir/__/__/Drivers/STM32F3xx_HAL_Driver/Src/stm32f3xx_hal_rcc_ex.c.obj
                0x08004cf0                HAL_RCCEx_PeriphCLKConfig
 .text.HAL_GPIO_Init
                0x0800504c      0x2f4 cmake/stm32cubemx/CMakeFiles/STM32_Drivers.dir/__/__/Drivers/STM32F3xx_HAL_Driver/Src/stm32f3xx_hal_gpio.c.obj
                0x0800504c                HAL_GPIO_Init
 .text.HAL_GPIO_WritePin
                0x08005340       0x30 cmake/stm32cubemx/CMakeFiles/STM32_Drivers.dir/__/__/Drivers/STM32F3xx_HAL_Driver/Src/stm32f3xx_hal_gpio.c.obj
                0x08005340                HAL_GPIO_WritePin
 .text.__NVIC_SetPriorityGrouping
                0x08005370       0x48 cmake/stm32cubemx/CMakeFiles/STM32_Drivers.dir/__/__/Drivers/STM32F3xx_HAL_Driver/Src/stm32f3xx_hal_cortex.c.obj
 .text.__NVIC_GetPriorityGrouping
                0x080053b8       0x1c cmake/stm32cubemx/CMakeFiles/STM32_Drivers.dir/__/__/Drivers/STM32F3xx_HAL_Driver/Src/stm32f3xx_hal_cortex.c.obj
 .text.__NVIC_EnableIRQ
                0x080053d4       0x3c cmake/stm32cubemx/CMakeFiles/STM32_Drivers.dir/__/__/Drivers/STM32F3xx_HAL_Driver/Src/stm32f3xx_hal_cortex.c.obj
 .text.__NVIC_SetPriority
                0x08005410       0x54 cmake/stm32cubemx/CMakeFiles/STM32_Drivers.dir/__/__/Drivers/STM32F3xx_HAL_Driver/Src/stm32f3xx_hal_cortex.c.obj
 .text.NVIC_EncodePriority
                0x08005464       0x66 cmake/stm32cubemx/CMakeFiles/STM32_Drivers.dir/__/__/Drivers/STM32F3xx_HAL_Driver/Src/stm32f3xx_hal_cortex.c.obj
 *fill*         0x080054ca        0x2 
 .text.SysTick_Config
                0x080054cc       0x44 cmake/stm32cubemx/CMakeFiles/STM32_Drivers.dir/__/__/Drivers/STM32F3xx_HAL_Driver/Src/stm32f3xx_hal_cortex.c.obj
 .text.HAL_NVIC_SetPriorityGrouping
                0x08005510       0x16 cmake/stm32cubemx/CMakeFiles/STM32_Drivers.dir/__/__/Drivers/STM32F3xx_HAL_Driver/Src/stm32f3xx_hal_cortex.c.obj
                0x08005510                HAL_NVIC_SetPriorityGrouping
 .text.HAL_NVIC_SetPriority
                0x08005526       0x38 cmake/stm32cubemx/CMakeFiles/STM32_Drivers.dir/__/__/Drivers/STM32F3xx_HAL_Driver/Src/stm32f3xx_hal_cortex.c.obj
                0x08005526                HAL_NVIC_SetPriority
 .text.HAL_NVIC_EnableIRQ
                0x0800555e       0x1c cmake/stm32cubemx/CMakeFiles/STM32_Drivers.dir/__/__/Drivers/STM32F3xx_HAL_Driver/Src/stm32f3xx_hal_cortex.c.obj
                0x0800555e                HAL_NVIC_EnableIRQ
 .text.HAL_SYSTICK_Config
                0x0800557a       0x18 cmake/stm32cubemx/CMakeFiles/STM32_Drivers.dir/__/__/Drivers/STM32F3xx_HAL_Driver/Src/stm32f3xx_hal_cortex.c.obj
                0x0800557a                HAL_SYSTICK_Config
 .text.HAL_TIM_Base_Init
                0x08005592       0xae cmake/stm32cubemx/CMakeFiles/STM32_Drivers.dir/__/__/Drivers/STM32F3xx_HAL_Driver/Src/stm32f3xx_hal_tim.c.obj
                0x08005592                HAL_TIM_Base_Init
 .text.HAL_TIM_IC_Init
                0x08005640       0xae cmake/stm32cubemx/CMakeFiles/STM32_Drivers.dir/__/__/Drivers/STM32F3xx_HAL_Driver/Src/stm32f3xx_hal_tim.c.obj
                0x08005640                HAL_TIM_IC_Init
 *fill*         0x080056ee        0x2 
 .text.HAL_TIM_IC_Start_IT
                0x080056f0      0x284 cmake/stm32cubemx/CMakeFiles/STM32_Drivers.dir/__/__/Drivers/STM32F3xx_HAL_Driver/Src/stm32f3xx_hal_tim.c.obj
                0x080056f0                HAL_TIM_IC_Start_IT
 .text.HAL_TIM_IRQHandler
                0x08005974      0x204 cmake/stm32cubemx/CMakeFiles/STM32_Drivers.dir/__/__/Drivers/STM32F3xx_HAL_Driver/Src/stm32f3xx_hal_tim.c.obj
                0x08005974                HAL_TIM_IRQHandler
 .text.HAL_TIM_IC_ConfigChannel
                0x08005b78      0x138 cmake/stm32cubemx/CMakeFiles/STM32_Drivers.dir/__/__/Drivers/STM32F3xx_HAL_Driver/Src/stm32f3xx_hal_tim.c.obj
                0x08005b78                HAL_TIM_IC_ConfigChannel
 .text.HAL_TIM_ConfigClockSource
                0x08005cb0      0x192 cmake/stm32cubemx/CMakeFiles/STM32_Drivers.dir/__/__/Drivers/STM32F3xx_HAL_Driver/Src/stm32f3xx_hal_tim.c.obj
                0x08005cb0                HAL_TIM_ConfigClockSource
 *fill*         0x08005e42        0x2 
 .text.HAL_TIM_ReadCapturedValue
                0x08005e44       0x88 cmake/stm32cubemx/CMakeFiles/STM32_Drivers.dir/__/__/Drivers/STM32F3xx_HAL_Driver/Src/stm32f3xx_hal_tim.c.obj
                0x08005e44                HAL_TIM_ReadCapturedValue
 .text.HAL_TIM_PeriodElapsedCallback
                0x08005ecc       0x14 cmake/stm32cubemx/CMakeFiles/STM32_Drivers.dir/__/__/Drivers/STM32F3xx_HAL_Driver/Src/stm32f3xx_hal_tim.c.obj
                0x08005ecc                HAL_TIM_PeriodElapsedCallback
 .text.HAL_TIM_OC_DelayElapsedCallback
                0x08005ee0       0x14 cmake/stm32cubemx/CMakeFiles/STM32_Drivers.dir/__/__/Drivers/STM32F3xx_HAL_Driver/Src/stm32f3xx_hal_tim.c.obj
                0x08005ee0                HAL_TIM_OC_DelayElapsedCallback
 .text.HAL_TIM_PWM_PulseFinishedCallback
                0x08005ef4       0x14 cmake/stm32cubemx/CMakeFiles/STM32_Drivers.dir/__/__/Drivers/STM32F3xx_HAL_Driver/Src/stm32f3xx_hal_tim.c.obj
                0x08005ef4                HAL_TIM_PWM_PulseFinishedCallback
 .text.HAL_TIM_TriggerCallback
                0x08005f08       0x14 cmake/stm32cubemx/CMakeFiles/STM32_Drivers.dir/__/__/Drivers/STM32F3xx_HAL_Driver/Src/stm32f3xx_hal_tim.c.obj
                0x08005f08                HAL_TIM_TriggerCallback
 .text.TIM_Base_SetConfig
                0x08005f1c      0x138 cmake/stm32cubemx/CMakeFiles/STM32_Drivers.dir/__/__/Drivers/STM32F3xx_HAL_Driver/Src/stm32f3xx_hal_tim.c.obj
                0x08005f1c                TIM_Base_SetConfig
 .text.TIM_TI1_SetConfig
                0x08006054       0xd0 cmake/stm32cubemx/CMakeFiles/STM32_Drivers.dir/__/__/Drivers/STM32F3xx_HAL_Driver/Src/stm32f3xx_hal_tim.c.obj
                0x08006054                TIM_TI1_SetConfig
 .text.TIM_TI1_ConfigInputStage
                0x08006124       0x5e cmake/stm32cubemx/CMakeFiles/STM32_Drivers.dir/__/__/Drivers/STM32F3xx_HAL_Driver/Src/stm32f3xx_hal_tim.c.obj
 .text.TIM_TI2_SetConfig
                0x08006182       0x7a cmake/stm32cubemx/CMakeFiles/STM32_Drivers.dir/__/__/Drivers/STM32F3xx_HAL_Driver/Src/stm32f3xx_hal_tim.c.obj
 .text.TIM_TI2_ConfigInputStage
                0x080061fc       0x60 cmake/stm32cubemx/CMakeFiles/STM32_Drivers.dir/__/__/Drivers/STM32F3xx_HAL_Driver/Src/stm32f3xx_hal_tim.c.obj
 .text.TIM_TI3_SetConfig
                0x0800625c       0x78 cmake/stm32cubemx/CMakeFiles/STM32_Drivers.dir/__/__/Drivers/STM32F3xx_HAL_Driver/Src/stm32f3xx_hal_tim.c.obj
 .text.TIM_TI4_SetConfig
                0x080062d4       0x7a cmake/stm32cubemx/CMakeFiles/STM32_Drivers.dir/__/__/Drivers/STM32F3xx_HAL_Driver/Src/stm32f3xx_hal_tim.c.obj
 .text.TIM_ITRx_SetConfig
                0x0800634e       0x36 cmake/stm32cubemx/CMakeFiles/STM32_Drivers.dir/__/__/Drivers/STM32F3xx_HAL_Driver/Src/stm32f3xx_hal_tim.c.obj
 .text.TIM_ETR_SetConfig
                0x08006384       0x40 cmake/stm32cubemx/CMakeFiles/STM32_Drivers.dir/__/__/Drivers/STM32F3xx_HAL_Driver/Src/stm32f3xx_hal_tim.c.obj
                0x08006384                TIM_ETR_SetConfig
 .text.TIM_CCxChannelCmd
                0x080063c4       0x4a cmake/stm32cubemx/CMakeFiles/STM32_Drivers.dir/__/__/Drivers/STM32F3xx_HAL_Driver/Src/stm32f3xx_hal_tim.c.obj
                0x080063c4                TIM_CCxChannelCmd
 *fill*         0x0800640e        0x2 
 .text.HAL_TIMEx_MasterConfigSynchronization
                0x08006410      0x100 cmake/stm32cubemx/CMakeFiles/STM32_Drivers.dir/__/__/Drivers/STM32F3xx_HAL_Driver/Src/stm32f3xx_hal_tim_ex.c.obj
                0x08006410                HAL_TIMEx_MasterConfigSynchronization
 .text.HAL_TIMEx_CommutCallback
                0x08006510       0x14 cmake/stm32cubemx/CMakeFiles/STM32_Drivers.dir/__/__/Drivers/STM32F3xx_HAL_Driver/Src/stm32f3xx_hal_tim_ex.c.obj
                0x08006510                HAL_TIMEx_CommutCallback
 .text.HAL_TIMEx_BreakCallback
                0x08006524       0x14 cmake/stm32cubemx/CMakeFiles/STM32_Drivers.dir/__/__/Drivers/STM32F3xx_HAL_Driver/Src/stm32f3xx_hal_tim_ex.c.obj
                0x08006524                HAL_TIMEx_BreakCallback
 .text.HAL_TIMEx_Break2Callback
                0x08006538       0x14 cmake/stm32cubemx/CMakeFiles/STM32_Drivers.dir/__/__/Drivers/STM32F3xx_HAL_Driver/Src/stm32f3xx_hal_tim_ex.c.obj
                0x08006538                HAL_TIMEx_Break2Callback
 .text.HAL_UART_Init
                0x0800654c       0x9c cmake/stm32cubemx/CMakeFiles/STM32_Drivers.dir/__/__/Drivers/STM32F3xx_HAL_Driver/Src/stm32f3xx_hal_uart.c.obj
                0x0800654c                HAL_UART_Init
 .text.HAL_UART_Transmit
                0x080065e8      0x112 cmake/stm32cubemx/CMakeFiles/STM32_Drivers.dir/__/__/Drivers/STM32F3xx_HAL_Driver/Src/stm32f3xx_hal_uart.c.obj
                0x080065e8                HAL_UART_Transmit
 *fill*         0x080066fa        0x2 
 .text.UART_SetConfig
                0x080066fc      0x3a8 cmake/stm32cubemx/CMakeFiles/STM32_Drivers.dir/__/__/Drivers/STM32F3xx_HAL_Driver/Src/stm32f3xx_hal_uart.c.obj
                0x080066fc                UART_SetConfig
 .text.UART_AdvFeatureConfig
                0x08006aa4      0x144 cmake/stm32cubemx/CMakeFiles/STM32_Drivers.dir/__/__/Drivers/STM32F3xx_HAL_Driver/Src/stm32f3xx_hal_uart.c.obj
                0x08006aa4                UART_AdvFeatureConfig
 .text.UART_CheckIdleState
                0x08006be8      0x150 cmake/stm32cubemx/CMakeFiles/STM32_Drivers.dir/__/__/Drivers/STM32F3xx_HAL_Driver/Src/stm32f3xx_hal_uart.c.obj
                0x08006be8                UART_CheckIdleState
 .text.UART_WaitOnFlagUntilTimeout
                0x08006d38       0xda cmake/stm32cubemx/CMakeFiles/STM32_Drivers.dir/__/__/Drivers/STM32F3xx_HAL_Driver/Src/stm32f3xx_hal_uart.c.obj
                0x08006d38                UART_WaitOnFlagUntilTimeout
 .text.UART_EndRxTransfer
                0x08006e12       0xc8 cmake/stm32cubemx/CMakeFiles/STM32_Drivers.dir/__/__/Drivers/STM32F3xx_HAL_Driver/Src/stm32f3xx_hal_uart.c.obj
 .text.HAL_PCD_Init
                0x08006eda      0x18e cmake/stm32cubemx/CMakeFiles/STM32_Drivers.dir/__/__/Drivers/STM32F3xx_HAL_Driver/Src/stm32f3xx_hal_pcd.c.obj
                0x08006eda                HAL_PCD_Init
 .text.MX_USART2_UART_Init
                0x08007068       0x54 CMakeFiles/LAB_4.dir/Core/Src/main.c.obj
 .text.HAL_TIM_IC_CaptureCallback
                0x080070bc       0x78 CMakeFiles/LAB_4.dir/Core/Src/main.c.obj
                0x080070bc                HAL_TIM_IC_CaptureCallback
 .text.main     0x08007134       0x64 CMakeFiles/LAB_4.dir/Core/Src/main.c.obj
                0x08007134                main
 .text.SystemClock_Config
                0x08007198       0xc4 CMakeFiles/LAB_4.dir/Core/Src/main.c.obj
                0x08007198                SystemClock_Config
 .text.MX_I2C1_Init
                0x0800725c       0x80 CMakeFiles/LAB_4.dir/Core/Src/main.c.obj
 .text.MX_TIM2_Init
                0x080072dc       0x9c CMakeFiles/LAB_4.dir/Core/Src/main.c.obj
 .text.MX_TIM3_Init
                0x08007378       0xa8 CMakeFiles/LAB_4.dir/Core/Src/main.c.obj
 .text.MX_USB_PCD_Init
                0x08007420       0x44 CMakeFiles/LAB_4.dir/Core/Src/main.c.obj
 .text.MX_GPIO_Init
                0x08007464      0x148 CMakeFiles/LAB_4.dir/Core/Src/main.c.obj
 .text.__io_putchar
                0x080075ac       0x24 CMakeFiles/LAB_4.dir/Core/Src/main.c.obj
                0x080075ac                __io_putchar
 .text.Error_Handler
                0x080075d0        0xc CMakeFiles/LAB_4.dir/Core/Src/main.c.obj
                0x080075d0                Error_Handler
 .text.NMI_Handler
                0x080075dc        0x8 CMakeFiles/LAB_4.dir/Core/Src/stm32f3xx_it.c.obj
                0x080075dc                NMI_Handler
 .text.HardFault_Handler
                0x080075e4        0x8 CMakeFiles/LAB_4.dir/Core/Src/stm32f3xx_it.c.obj
                0x080075e4                HardFault_Handler
 .text.MemManage_Handler
                0x080075ec        0x8 CMakeFiles/LAB_4.dir/Core/Src/stm32f3xx_it.c.obj
                0x080075ec                MemManage_Handler
 .text.BusFault_Handler
                0x080075f4        0x8 CMakeFiles/LAB_4.dir/Core/Src/stm32f3xx_it.c.obj
                0x080075f4                BusFault_Handler
 .text.UsageFault_Handler
                0x080075fc        0x8 CMakeFiles/LAB_4.dir/Core/Src/stm32f3xx_it.c.obj
                0x080075fc                UsageFault_Handler
 .text.SVC_Handler
                0x08007604        0xe CMakeFiles/LAB_4.dir/Core/Src/stm32f3xx_it.c.obj
                0x08007604                SVC_Handler
 .text.DebugMon_Handler
                0x08007612        0xe CMakeFiles/LAB_4.dir/Core/Src/stm32f3xx_it.c.obj
                0x08007612                DebugMon_Handler
 .text.PendSV_Handler
                0x08007620        0xe CMakeFiles/LAB_4.dir/Core/Src/stm32f3xx_it.c.obj
                0x08007620                PendSV_Handler
 .text.SysTick_Handler
                0x0800762e        0xc CMakeFiles/LAB_4.dir/Core/Src/stm32f3xx_it.c.obj
                0x0800762e                SysTick_Handler
 *fill*         0x0800763a        0x2 
 .text.TIM3_IRQHandler
                0x0800763c       0x14 CMakeFiles/LAB_4.dir/Core/Src/stm32f3xx_it.c.obj
                0x0800763c                TIM3_IRQHandler
 .text.USART2_IRQHandler
                0x08007650        0xe CMakeFiles/LAB_4.dir/Core/Src/stm32f3xx_it.c.obj
                0x08007650                USART2_IRQHandler
 *fill*         0x0800765e        0x2 
 .text.HAL_MspInit
                0x08007660       0x48 CMakeFiles/LAB_4.dir/Core/Src/stm32f3xx_hal_msp.c.obj
                0x08007660                HAL_MspInit
 .text.HAL_I2C_MspInit
                0x080076a8       0x88 CMakeFiles/LAB_4.dir/Core/Src/stm32f3xx_hal_msp.c.obj
                0x080076a8                HAL_I2C_MspInit
 .text.HAL_TIM_Base_MspInit
                0x08007730       0x3c CMakeFiles/LAB_4.dir/Core/Src/stm32f3xx_hal_msp.c.obj
                0x08007730                HAL_TIM_Base_MspInit
 .text.HAL_TIM_IC_MspInit
                0x0800776c       0x98 CMakeFiles/LAB_4.dir/Core/Src/stm32f3xx_hal_msp.c.obj
                0x0800776c                HAL_TIM_IC_MspInit
 .text.HAL_UART_MspInit
                0x08007804       0x94 CMakeFiles/LAB_4.dir/Core/Src/stm32f3xx_hal_msp.c.obj
                0x08007804                HAL_UART_MspInit
 .text.HAL_PCD_MspInit
                0x08007898       0x88 CMakeFiles/LAB_4.dir/Core/Src/stm32f3xx_hal_msp.c.obj
                0x08007898                HAL_PCD_MspInit
 .text._sbrk    0x08007920       0x6c CMakeFiles/LAB_4.dir/Core/Src/sysmem.c.obj
                0x08007920                _sbrk
 .text._getpid  0x0800798c       0x10 CMakeFiles/LAB_4.dir/Core/Src/syscalls.c.obj
                0x0800798c                _getpid
 .text._kill    0x0800799c       0x20 CMakeFiles/LAB_4.dir/Core/Src/syscalls.c.obj
                0x0800799c                _kill
 .text._exit    0x080079bc       0x16 CMakeFiles/LAB_4.dir/Core/Src/syscalls.c.obj
                0x080079bc                _exit
 .text._read    0x080079d2       0x3a CMakeFiles/LAB_4.dir/Core/Src/syscalls.c.obj
                0x080079d2                _read
 .text._write   0x08007a0c       0x38 CMakeFiles/LAB_4.dir/Core/Src/syscalls.c.obj
                0x08007a0c                _write
 .text._close   0x08007a44       0x18 CMakeFiles/LAB_4.dir/Core/Src/syscalls.c.obj
                0x08007a44                _close
 .text._fstat   0x08007a5c       0x20 CMakeFiles/LAB_4.dir/Core/Src/syscalls.c.obj
                0x08007a5c                _fstat
 .text._isatty  0x08007a7c       0x16 CMakeFiles/LAB_4.dir/Core/Src/syscalls.c.obj
                0x08007a7c                _isatty
 .text._lseek   0x08007a92       0x1a CMakeFiles/LAB_4.dir/Core/Src/syscalls.c.obj
                0x08007a92                _lseek
 .text.Reset_Handler
                0x08007aac       0x50 CMakeFiles/LAB_4.dir/startup_stm32f303xc.s.obj
                0x08007aac                Reset_Handler
 .text.Default_Handler
                0x08007afc        0x2 CMakeFiles/LAB_4.dir/startup_stm32f303xc.s.obj
                0x08007afc                RTC_Alarm_IRQHandler
                0x08007afc                TIM8_TRG_COM_IRQHandler
                0x08007afc                TIM8_CC_IRQHandler
                0x08007afc                TIM1_CC_IRQHandler
                0x08007afc                USB_HP_IRQHandler
                0x08007afc                PVD_IRQHandler
                0x08007afc                TAMP_STAMP_IRQHandler
                0x08007afc                EXTI3_IRQHandler
                0x08007afc                USB_HP_CAN_TX_IRQHandler
                0x08007afc                EXTI0_IRQHandler
                0x08007afc                I2C2_EV_IRQHandler
                0x08007afc                FPU_IRQHandler
                0x08007afc                TIM1_UP_TIM16_IRQHandler
                0x08007afc                ADC1_2_IRQHandler
                0x08007afc                SPI1_IRQHandler
                0x08007afc                CAN_SCE_IRQHandler
                0x08007afc                TIM6_DAC_IRQHandler
                0x08007afc                TIM8_UP_IRQHandler
                0x08007afc                DMA2_Channel2_IRQHandler
                0x08007afc                DMA1_Channel4_IRQHandler
                0x08007afc                USART3_IRQHandler
                0x08007afc                DMA1_Channel7_IRQHandler
                0x08007afc                UART5_IRQHandler
                0x08007afc                ADC3_IRQHandler
                0x08007afc                TIM4_IRQHandler
                0x08007afc                CAN_RX1_IRQHandler
                0x08007afc                DMA2_Channel1_IRQHandler
                0x08007afc                I2C1_EV_IRQHandler
                0x08007afc                DMA1_Channel6_IRQHandler
                0x08007afc                UART4_IRQHandler
                0x08007afc                DMA2_Channel4_IRQHandler
                0x08007afc                RCC_IRQHandler
                0x08007afc                DMA1_Channel1_IRQHandler
                0x08007afc                Default_Handler
                0x08007afc                USBWakeUp_RMP_IRQHandler
                0x08007afc                EXTI15_10_IRQHandler
                0x08007afc                TIM7_IRQHandler
                0x08007afc                EXTI9_5_IRQHandler
                0x08007afc                RTC_WKUP_IRQHandler
                0x08007afc                SPI2_IRQHandler
                0x08007afc                USB_LP_CAN_RX0_IRQHandler
                0x08007afc                DMA2_Channel5_IRQHandler
                0x08007afc                DMA1_Channel5_IRQHandler
                0x08007afc                USB_LP_IRQHandler
                0x08007afc                EXTI4_IRQHandler
                0x08007afc                TIM1_TRG_COM_TIM17_IRQHandler
                0x08007afc                DMA1_Channel3_IRQHandler
                0x08007afc                ADC4_IRQHandler
                0x08007afc                WWDG_IRQHandler
                0x08007afc                TIM2_IRQHandler
                0x08007afc                COMP7_IRQHandler
                0x08007afc                COMP1_2_3_IRQHandler
                0x08007afc                EXTI1_IRQHandler
                0x08007afc                COMP4_5_6_IRQHandler
                0x08007afc                I2C2_ER_IRQHandler
                0x08007afc                DMA1_Channel2_IRQHandler
                0x08007afc                TIM8_BRK_IRQHandler
                0x08007afc                FLASH_IRQHandler
                0x08007afc                USART1_IRQHandler
                0x08007afc                SPI3_IRQHandler
                0x08007afc                I2C1_ER_IRQHandler
                0x08007afc                USBWakeUp_IRQHandler
                0x08007afc                DMA2_Channel3_IRQHandler
                0x08007afc                EXTI2_TSC_IRQHandler
                0x08007afc                TIM1_BRK_TIM15_IRQHandler
 *fill*         0x08007afe        0x2 
 .text.printf   0x08007b00       0x24 /home/administrator/st/stm32cubeclt_1.19.0/GNU-tools-for-STM32/bin/../lib/gcc/arm-none-eabi/13.3.1/../../../../arm-none-eabi/lib/thumb/v7e-m+fp/hard/libg_nano.a(libc_a-printf.o)
                0x08007b00                printf
                0x08007b00                iprintf
 .text.__errno  0x08007b24        0xc /home/administrator/st/stm32cubeclt_1.19.0/GNU-tools-for-STM32/bin/../lib/gcc/arm-none-eabi/13.3.1/../../../../arm-none-eabi/lib/thumb/v7e-m+fp/hard/libg_nano.a(libc_a-errno.o)
                0x08007b24                __errno
 *(.glue_7)
 .glue_7        0x08007b30        0x0 linker stubs
 *(.glue_7t)
 .glue_7t       0x08007b30        0x0 linker stubs
 *(.eh_frame)
 .eh_frame      0x08007b30        0x0 /home/administrator/st/stm32cubeclt_1.19.0/GNU-tools-for-STM32/bin/../lib/gcc/arm-none-eabi/13.3.1/thumb/v7e-m+fp/hard/crtbegin.o
 *(.init)
 .init          0x08007b30        0x4 /home/administrator/st/stm32cubeclt_1.19.0/GNU-tools-for-STM32/bin/../lib/gcc/arm-none-eabi/13.3.1/thumb/v7e-m+fp/hard/crti.o
                0x08007b30                _init
 .init          0x08007b34        0x8 /home/administrator/st/stm32cubeclt_1.19.0/GNU-tools-for-STM32/bin/../lib/gcc/arm-none-eabi/13.3.1/thumb/v7e-m+fp/hard/crtn.o
 *(.fini)
 .fini          0x08007b3c        0x4 /home/administrator/st/stm32cubeclt_1.19.0/GNU-tools-for-STM32/bin/../lib/gcc/arm-none-eabi/13.3.1/thumb/v7e-m+fp/hard/crti.o
                0x08007b3c                _fini
 .fini          0x08007b40        0x8 /home/administrator/st/stm32cubeclt_1.19.0/GNU-tools-for-STM32/bin/../lib/gcc/arm-none-eabi/13.3.1/thumb/v7e-m+fp/hard/crtn.o
                0x08007b48                        . = ALIGN (0x4)
                0x08007b48                        _etext = .

.vfp11_veneer   0x08007b48        0x0
 .vfp11_veneer  0x08007b48        0x0 linker stubs

.v4_bx          0x08007b48        0x0
 .v4_bx         0x08007b48        0x0 linker stubs

.iplt           0x08007b48        0x0
 .iplt          0x08007b48        0x0 /home/administrator/st/stm32cubeclt_1.19.0/GNU-tools-for-STM32/bin/../lib/gcc/arm-none-eabi/13.3.1/thumb/v7e-m+fp/hard/crtbegin.o

.rodata         0x08007b48      0x3dc
                0x08007b48                        . = ALIGN (0x4)
 *(.rodata)
 .rodata        0x08007b48       0x2c CMakeFiles/LAB_4.dir/Core/Src/main.c.obj
 *(.rodata*)
 .rodata._printf_float.str1.1
                0x08007b74      0x171 /home/administrator/st/stm32cubeclt_1.19.0/GNU-tools-for-STM32/bin/../lib/gcc/arm-none-eabi/13.3.1/../../../../arm-none-eabi/lib/thumb/v7e-m+fp/hard/libc_nano.a(libc_a-nano-vfprintf_float.o)
                                 0x12 (size before relaxing)
 .rodata._printf_i.str1.1
                0x08007ce5       0x22 /home/administrator/st/stm32cubeclt_1.19.0/GNU-tools-for-STM32/bin/../lib/gcc/arm-none-eabi/13.3.1/../../../../arm-none-eabi/lib/thumb/v7e-m+fp/hard/libc_nano.a(libc_a-nano-vfprintf_i.o)
 .rodata._dtoa_r.str1.1
                0x08007ce5       0x8f /home/administrator/st/stm32cubeclt_1.19.0/GNU-tools-for-STM32/bin/../lib/gcc/arm-none-eabi/13.3.1/../../../../arm-none-eabi/lib/thumb/v7e-m+fp/hard/libc_nano.a(libc_a-dtoa.o)
 .rodata._Balloc.str1.1
                0x08007ce5       0x70 /home/administrator/st/stm32cubeclt_1.19.0/GNU-tools-for-STM32/bin/../lib/gcc/arm-none-eabi/13.3.1/../../../../arm-none-eabi/lib/thumb/v7e-m+fp/hard/libc_nano.a(libc_a-mprec.o)
 .rodata.__multadd.str1.1
                0x08007ce5       0x11 /home/administrator/st/stm32cubeclt_1.19.0/GNU-tools-for-STM32/bin/../lib/gcc/arm-none-eabi/13.3.1/../../../../arm-none-eabi/lib/thumb/v7e-m+fp/hard/libc_nano.a(libc_a-mprec.o)
 *fill*         0x08007ce5        0x3 
 .rodata.p05.0  0x08007ce8        0xc /home/administrator/st/stm32cubeclt_1.19.0/GNU-tools-for-STM32/bin/../lib/gcc/arm-none-eabi/13.3.1/../../../../arm-none-eabi/lib/thumb/v7e-m+fp/hard/libc_nano.a(libc_a-mprec.o)
 *fill*         0x08007cf4        0x4 
 .rodata.__mprec_bigtens
                0x08007cf8       0x28 /home/administrator/st/stm32cubeclt_1.19.0/GNU-tools-for-STM32/bin/../lib/gcc/arm-none-eabi/13.3.1/../../../../arm-none-eabi/lib/thumb/v7e-m+fp/hard/libc_nano.a(libc_a-mprec.o)
                0x08007cf8                __mprec_bigtens
 .rodata.__mprec_tens
                0x08007d20       0xc8 /home/administrator/st/stm32cubeclt_1.19.0/GNU-tools-for-STM32/bin/../lib/gcc/arm-none-eabi/13.3.1/../../../../arm-none-eabi/lib/thumb/v7e-m+fp/hard/libc_nano.a(libc_a-mprec.o)
                0x08007d20                __mprec_tens
 .rodata._setlocale_r.str1.1
                0x08007de8        0x9 /home/administrator/st/stm32cubeclt_1.19.0/GNU-tools-for-STM32/bin/../lib/gcc/arm-none-eabi/13.3.1/../../../../arm-none-eabi/lib/thumb/v7e-m+fp/hard/libc_nano.a(libc_a-locale.o)
 .rodata.str1.1
                0x08007de8        0x2 /home/administrator/st/stm32cubeclt_1.19.0/GNU-tools-for-STM32/bin/../lib/gcc/arm-none-eabi/13.3.1/../../../../arm-none-eabi/lib/thumb/v7e-m+fp/hard/libc_nano.a(libc_a-locale.o)
 .rodata.__assert_func.str1.1
                0x08007de8       0x3d /home/administrator/st/stm32cubeclt_1.19.0/GNU-tools-for-STM32/bin/../lib/gcc/arm-none-eabi/13.3.1/../../../../arm-none-eabi/lib/thumb/v7e-m+fp/hard/libc_nano.a(libc_a-assert.o)
 .rodata._ctype_
                0x08007de8      0x101 /home/administrator/st/stm32cubeclt_1.19.0/GNU-tools-for-STM32/bin/../lib/gcc/arm-none-eabi/13.3.1/../../../../arm-none-eabi/lib/thumb/v7e-m+fp/hard/libc_nano.a(libc_a-ctype_.o)
                0x08007de8                _ctype_
 .rodata._vfprintf_r.str1.1
                0x08007ee9       0x11 /home/administrator/st/stm32cubeclt_1.19.0/GNU-tools-for-STM32/bin/../lib/gcc/arm-none-eabi/13.3.1/../../../../arm-none-eabi/lib/thumb/v7e-m+fp/hard/libc_nano.a(libc_a-nano-vfprintf.o)
 *fill*         0x08007ee9        0x3 
 .rodata.AHBPrescTable
                0x08007eec       0x10 cmake/stm32cubemx/CMakeFiles/STM32_Drivers.dir/__/__/Core/Src/system_stm32f3xx.c.obj
                0x08007eec                AHBPrescTable
 .rodata.APBPrescTable
                0x08007efc        0x8 cmake/stm32cubemx/CMakeFiles/STM32_Drivers.dir/__/__/Core/Src/system_stm32f3xx.c.obj
                0x08007efc                APBPrescTable
 .rodata.aPLLMULFactorTable
                0x08007f04       0x10 cmake/stm32cubemx/CMakeFiles/STM32_Drivers.dir/__/__/Drivers/STM32F3xx_HAL_Driver/Src/stm32f3xx_hal_rcc.c.obj
 .rodata.aPredivFactorTable
                0x08007f14       0x10 cmake/stm32cubemx/CMakeFiles/STM32_Drivers.dir/__/__/Drivers/STM32F3xx_HAL_Driver/Src/stm32f3xx_hal_rcc.c.obj
                0x08007f24                        . = ALIGN (0x4)

.ARM.extab      0x08007f24        0x0
                0x08007f24                        . = ALIGN (0x4)
 *(.ARM.extab* .gnu.linkonce.armextab.*)
                0x08007f24                        . = ALIGN (0x4)

.ARM            0x08007f24        0x8
                0x08007f24                        . = ALIGN (0x4)
                0x08007f24                        __exidx_start = .
 *(.ARM.exidx*)
 .ARM.exidx     0x08007f24        0x8 /home/administrator/st/stm32cubeclt_1.19.0/GNU-tools-for-STM32/bin/../lib/gcc/arm-none-eabi/13.3.1/../../../../arm-none-eabi/lib/thumb/v7e-m+fp/hard/libc_nano.a(libc_a-memchr.o)
 .ARM.exidx     0x08007f2c        0x0 /home/administrator/st/stm32cubeclt_1.19.0/GNU-tools-for-STM32/bin/../lib/gcc/arm-none-eabi/13.3.1/../../../../arm-none-eabi/lib/thumb/v7e-m+fp/hard/libc_nano.a(libc_a-strlen.o)
                                  0x8 (size before relaxing)
                0x08007f2c                        __exidx_end = .
                0x08007f2c                        . = ALIGN (0x4)

.preinit_array  0x08007f2c        0x0
                0x08007f2c                        . = ALIGN (0x4)
                0x08007f2c                        PROVIDE (__preinit_array_start = .)
 *(.preinit_array*)
                0x08007f2c                        PROVIDE (__preinit_array_end = .)
                0x08007f2c                        . = ALIGN (0x4)

.init_array     0x08007f2c        0x4
                0x08007f2c                        . = ALIGN (0x4)
                0x08007f2c                        PROVIDE (__init_array_start = .)
 *(SORT_BY_NAME(.init_array.*))
 *(.init_array*)
 .init_array    0x08007f2c        0x4 /home/administrator/st/stm32cubeclt_1.19.0/GNU-tools-for-STM32/bin/../lib/gcc/arm-none-eabi/13.3.1/thumb/v7e-m+fp/hard/crtbegin.o
                0x08007f30                        PROVIDE (__init_array_end = .)
                0x08007f30                        . = ALIGN (0x4)

.fini_array     0x08007f30        0x4
                0x08007f30                        . = ALIGN (0x4)
                [!provide]                        PROVIDE (__fini_array_start = .)
 *(SORT_BY_NAME(.fini_array.*))
 *(.fini_array*)
 .fini_array    0x08007f30        0x4 /home/administrator/st/stm32cubeclt_1.19.0/GNU-tools-for-STM32/bin/../lib/gcc/arm-none-eabi/13.3.1/thumb/v7e-m+fp/hard/crtbegin.o
                [!provide]                        PROVIDE (__fini_array_end = .)
                0x08007f34                        . = ALIGN (0x4)
                0x08007f34                        _sidata = LOADADDR (.data)

.rel.dyn        0x08007f34        0x0
 .rel.iplt      0x08007f34        0x0 /home/administrator/st/stm32cubeclt_1.19.0/GNU-tools-for-STM32/bin/../lib/gcc/arm-none-eabi/13.3.1/thumb/v7e-m+fp/hard/crtbegin.o

.data           0x20000000      0x1d4 load address 0x08007f34
                0x20000000                        . = ALIGN (0x4)
                0x20000000                        _sdata = .
 *(.data)
 *(.data*)
 .data.__sglue  0x20000000        0xc /home/administrator/st/stm32cubeclt_1.19.0/GNU-tools-for-STM32/bin/../lib/gcc/arm-none-eabi/13.3.1/../../../../arm-none-eabi/lib/thumb/v7e-m+fp/hard/libc_nano.a(libc_a-findfp.o)
                0x20000000                __sglue
 .data._impure_ptr
                0x2000000c        0x4 /home/administrator/st/stm32cubeclt_1.19.0/GNU-tools-for-STM32/bin/../lib/gcc/arm-none-eabi/13.3.1/../../../../arm-none-eabi/lib/thumb/v7e-m+fp/hard/libc_nano.a(libc_a-impure.o)
                0x2000000c                _impure_ptr
 .data._impure_data
                0x20000010       0x4c /home/administrator/st/stm32cubeclt_1.19.0/GNU-tools-for-STM32/bin/../lib/gcc/arm-none-eabi/13.3.1/../../../../arm-none-eabi/lib/thumb/v7e-m+fp/hard/libc_nano.a(libc_a-impure.o)
                0x20000010                _impure_data
 .data.__global_locale
                0x2000005c      0x16c /home/administrator/st/stm32cubeclt_1.19.0/GNU-tools-for-STM32/bin/../lib/gcc/arm-none-eabi/13.3.1/../../../../arm-none-eabi/lib/thumb/v7e-m+fp/hard/libc_nano.a(libc_a-locale.o)
                0x2000005c                __global_locale
 .data.SystemCoreClock
                0x200001c8        0x4 cmake/stm32cubemx/CMakeFiles/STM32_Drivers.dir/__/__/Core/Src/system_stm32f3xx.c.obj
                0x200001c8                SystemCoreClock
 .data.uwTickPrio
                0x200001cc        0x4 cmake/stm32cubemx/CMakeFiles/STM32_Drivers.dir/__/__/Drivers/STM32F3xx_HAL_Driver/Src/stm32f3xx_hal.c.obj
                0x200001cc                uwTickPrio
 .data.uwTickFreq
                0x200001d0        0x1 cmake/stm32cubemx/CMakeFiles/STM32_Drivers.dir/__/__/Drivers/STM32F3xx_HAL_Driver/Src/stm32f3xx_hal.c.obj
                0x200001d0                uwTickFreq
 *(.RamFunc)
 *(.RamFunc*)
                0x200001d4                        . = ALIGN (0x4)
 *fill*         0x200001d1        0x3 
                0x200001d4                        _edata = .
                0x08008108                        _siccmram = LOADADDR (.ccmram)

.igot.plt       0x200001d4        0x0 load address 0x08008108
 .igot.plt      0x200001d4        0x0 /home/administrator/st/stm32cubeclt_1.19.0/GNU-tools-for-STM32/bin/../lib/gcc/arm-none-eabi/13.3.1/thumb/v7e-m+fp/hard/crtbegin.o

.ccmram         0x10000000        0x0 load address 0x08008108
                0x10000000                        . = ALIGN (0x4)
                0x10000000                        _sccmram = .
 *(.ccmram)
 *(.ccmram*)
                0x10000000                        . = ALIGN (0x4)
                0x10000000                        _eccmram = .
                0x10000000                        . = ALIGN (0x4)

.bss            0x200001d4      0x5c4
                0x200001d4                        _sbss = .
                0x200001d4                        __bss_start__ = _sbss
 *(.bss)
 .bss           0x200001d4       0x1c /home/administrator/st/stm32cubeclt_1.19.0/GNU-tools-for-STM32/bin/../lib/gcc/arm-none-eabi/13.3.1/thumb/v7e-m+fp/hard/crtbegin.o
 *(.bss*)
 .bss.__sf      0x200001f0      0x138 /home/administrator/st/stm32cubeclt_1.19.0/GNU-tools-for-STM32/bin/../lib/gcc/arm-none-eabi/13.3.1/../../../../arm-none-eabi/lib/thumb/v7e-m+fp/hard/libc_nano.a(libc_a-findfp.o)
                0x200001f0                __sf
 .bss.__stdio_exit_handler
                0x20000328        0x4 /home/administrator/st/stm32cubeclt_1.19.0/GNU-tools-for-STM32/bin/../lib/gcc/arm-none-eabi/13.3.1/../../../../arm-none-eabi/lib/thumb/v7e-m+fp/hard/libc_nano.a(libc_a-findfp.o)
                0x20000328                __stdio_exit_handler
 .bss.errno     0x2000032c        0x4 /home/administrator/st/stm32cubeclt_1.19.0/GNU-tools-for-STM32/bin/../lib/gcc/arm-none-eabi/13.3.1/../../../../arm-none-eabi/lib/thumb/v7e-m+fp/hard/libc_nano.a(libc_a-reent.o)
                0x2000032c                errno
 .bss.__lock___malloc_recursive_mutex
                0x20000330        0x1 /home/administrator/st/stm32cubeclt_1.19.0/GNU-tools-for-STM32/bin/../lib/gcc/arm-none-eabi/13.3.1/../../../../arm-none-eabi/lib/thumb/v7e-m+fp/hard/libc_nano.a(libc_a-lock.o)
                0x20000330                __lock___malloc_recursive_mutex
 .bss.__lock___sfp_recursive_mutex
                0x20000331        0x1 /home/administrator/st/stm32cubeclt_1.19.0/GNU-tools-for-STM32/bin/../lib/gcc/arm-none-eabi/13.3.1/../../../../arm-none-eabi/lib/thumb/v7e-m+fp/hard/libc_nano.a(libc_a-lock.o)
                0x20000331                __lock___sfp_recursive_mutex
 *fill*         0x20000332        0x2 
 .bss.__malloc_sbrk_start
                0x20000334        0x4 /home/administrator/st/stm32cubeclt_1.19.0/GNU-tools-for-STM32/bin/../lib/gcc/arm-none-eabi/13.3.1/../../../../arm-none-eabi/lib/thumb/v7e-m+fp/hard/libc_nano.a(libc_a-mallocr.o)
                0x20000334                __malloc_sbrk_start
 .bss.__malloc_free_list
                0x20000338        0x4 /home/administrator/st/stm32cubeclt_1.19.0/GNU-tools-for-STM32/bin/../lib/gcc/arm-none-eabi/13.3.1/../../../../arm-none-eabi/lib/thumb/v7e-m+fp/hard/libc_nano.a(libc_a-mallocr.o)
                0x20000338                __malloc_free_list
 .bss.uwTick    0x2000033c        0x4 cmake/stm32cubemx/CMakeFiles/STM32_Drivers.dir/__/__/Drivers/STM32F3xx_HAL_Driver/Src/stm32f3xx_hal.c.obj
                0x2000033c                uwTick
 .bss.huart2    0x20000340       0x88 CMakeFiles/LAB_4.dir/Core/Src/main.c.obj
                0x20000340                huart2
 .bss.hi2c1     0x200003c8       0x54 CMakeFiles/LAB_4.dir/Core/Src/main.c.obj
                0x200003c8                hi2c1
 .bss.htim2     0x2000041c       0x4c CMakeFiles/LAB_4.dir/Core/Src/main.c.obj
                0x2000041c                htim2
 .bss.htim3     0x20000468       0x4c CMakeFiles/LAB_4.dir/Core/Src/main.c.obj
                0x20000468                htim3
 .bss.hpcd_USB_FS
                0x200004b4      0x2d4 CMakeFiles/LAB_4.dir/Core/Src/main.c.obj
                0x200004b4                hpcd_USB_FS
 .bss.last_capture
                0x20000788        0x4 CMakeFiles/LAB_4.dir/Core/Src/main.c.obj
                0x20000788                last_capture
 .bss.period    0x2000078c        0x4 CMakeFiles/LAB_4.dir/Core/Src/main.c.obj
                0x2000078c                period
 .bss.frequency
                0x20000790        0x4 CMakeFiles/LAB_4.dir/Core/Src/main.c.obj
                0x20000790                frequency
 .bss.__sbrk_heap_end
                0x20000794        0x4 CMakeFiles/LAB_4.dir/Core/Src/sysmem.c.obj
 *(COMMON)
                0x20000798                        . = ALIGN (0x4)
                0x20000798                        _ebss = .
                0x20000798                        __bss_end__ = _ebss

._user_heap_stack
                0x20000798      0x600
                0x20000798                        . = ALIGN (0x8)
                [!provide]                        PROVIDE (end = .)
                0x20000798                        PROVIDE (_end = .)
                0x20000998                        . = (. + _Min_Heap_Size)
 *fill*         0x20000798      0x200 
                0x20000d98                        . = (. + _Min_Stack_Size)
 *fill*         0x20000998      0x400 
                0x20000d98                        . = ALIGN (0x8)

/DISCARD/
 libc.a(*)
 libm.a(*)
 libgcc.a(*)
OUTPUT(LAB_4.elf elf32-littlearm)
LOAD linker stubs
LOAD /home/administrator/st/stm32cubeclt_1.19.0/GNU-tools-for-STM32/bin/../lib/gcc/arm-none-eabi/13.3.1/../../../../arm-none-eabi/lib/thumb/v7e-m+fp/hard/libc.a
LOAD /home/administrator/st/stm32cubeclt_1.19.0/GNU-tools-for-STM32/bin/../lib/gcc/arm-none-eabi/13.3.1/../../../../arm-none-eabi/lib/thumb/v7e-m+fp/hard/libm.a
LOAD /home/administrator/st/stm32cubeclt_1.19.0/GNU-tools-for-STM32/bin/../lib/gcc/arm-none-eabi/13.3.1/thumb/v7e-m+fp/hard/libgcc.a

.ARM.attributes
                0x00000000       0x30
 .ARM.attributes
                0x00000000       0x22 /home/administrator/st/stm32cubeclt_1.19.0/GNU-tools-for-STM32/bin/../lib/gcc/arm-none-eabi/13.3.1/thumb/v7e-m+fp/hard/crti.o
 .ARM.attributes
                0x00000022       0x34 /home/administrator/st/stm32cubeclt_1.19.0/GNU-tools-for-STM32/bin/../lib/gcc/arm-none-eabi/13.3.1/thumb/v7e-m+fp/hard/crtbegin.o
 .ARM.attributes
                0x00000056       0x34 /home/administrator/st/stm32cubeclt_1.19.0/GNU-tools-for-STM32/bin/../lib/gcc/arm-none-eabi/13.3.1/../../../../arm-none-eabi/lib/thumb/v7e-m+fp/hard/libc_nano.a(libc_a-nano-vfprintf_float.o)
 .ARM.attributes
                0x0000008a       0x34 /home/administrator/st/stm32cubeclt_1.19.0/GNU-tools-for-STM32/bin/../lib/gcc/arm-none-eabi/13.3.1/../../../../arm-none-eabi/lib/thumb/v7e-m+fp/hard/libc_nano.a(libc_a-nano-vfprintf_i.o)
 .ARM.attributes
                0x000000be       0x34 /home/administrator/st/stm32cubeclt_1.19.0/GNU-tools-for-STM32/bin/../lib/gcc/arm-none-eabi/13.3.1/../../../../arm-none-eabi/lib/thumb/v7e-m+fp/hard/libc_nano.a(libc_a-findfp.o)
 .ARM.attributes
                0x000000f2       0x34 /home/administrator/st/stm32cubeclt_1.19.0/GNU-tools-for-STM32/bin/../lib/gcc/arm-none-eabi/13.3.1/../../../../arm-none-eabi/lib/thumb/v7e-m+fp/hard/libc_nano.a(libc_a-fwalk.o)
 .ARM.attributes
                0x00000126       0x34 /home/administrator/st/stm32cubeclt_1.19.0/GNU-tools-for-STM32/bin/../lib/gcc/arm-none-eabi/13.3.1/../../../../arm-none-eabi/lib/thumb/v7e-m+fp/hard/libc_nano.a(libc_a-stdio.o)
 .ARM.attributes
                0x0000015a       0x34 /home/administrator/st/stm32cubeclt_1.19.0/GNU-tools-for-STM32/bin/../lib/gcc/arm-none-eabi/13.3.1/../../../../arm-none-eabi/lib/thumb/v7e-m+fp/hard/libc_nano.a(libc_a-memset.o)
 .ARM.attributes
                0x0000018e       0x34 /home/administrator/st/stm32cubeclt_1.19.0/GNU-tools-for-STM32/bin/../lib/gcc/arm-none-eabi/13.3.1/../../../../arm-none-eabi/lib/thumb/v7e-m+fp/hard/libc_nano.a(libc_a-localeconv.o)
 .ARM.attributes
                0x000001c2       0x34 /home/administrator/st/stm32cubeclt_1.19.0/GNU-tools-for-STM32/bin/../lib/gcc/arm-none-eabi/13.3.1/../../../../arm-none-eabi/lib/thumb/v7e-m+fp/hard/libc_nano.a(libc_a-closer.o)
 .ARM.attributes
                0x000001f6       0x34 /home/administrator/st/stm32cubeclt_1.19.0/GNU-tools-for-STM32/bin/../lib/gcc/arm-none-eabi/13.3.1/../../../../arm-none-eabi/lib/thumb/v7e-m+fp/hard/libc_nano.a(libc_a-reent.o)
 .ARM.attributes
                0x0000022a       0x34 /home/administrator/st/stm32cubeclt_1.19.0/GNU-tools-for-STM32/bin/../lib/gcc/arm-none-eabi/13.3.1/../../../../arm-none-eabi/lib/thumb/v7e-m+fp/hard/libc_nano.a(libc_a-impure.o)
 .ARM.attributes
                0x0000025e       0x34 /home/administrator/st/stm32cubeclt_1.19.0/GNU-tools-for-STM32/bin/../lib/gcc/arm-none-eabi/13.3.1/../../../../arm-none-eabi/lib/thumb/v7e-m+fp/hard/libc_nano.a(libc_a-lseekr.o)
 .ARM.attributes
                0x00000292       0x34 /home/administrator/st/stm32cubeclt_1.19.0/GNU-tools-for-STM32/bin/../lib/gcc/arm-none-eabi/13.3.1/../../../../arm-none-eabi/lib/thumb/v7e-m+fp/hard/libc_nano.a(libc_a-readr.o)
 .ARM.attributes
                0x000002c6       0x34 /home/administrator/st/stm32cubeclt_1.19.0/GNU-tools-for-STM32/bin/../lib/gcc/arm-none-eabi/13.3.1/../../../../arm-none-eabi/lib/thumb/v7e-m+fp/hard/libc_nano.a(libc_a-writer.o)
 .ARM.attributes
                0x000002fa       0x34 /home/administrator/st/stm32cubeclt_1.19.0/GNU-tools-for-STM32/bin/../lib/gcc/arm-none-eabi/13.3.1/../../../../arm-none-eabi/lib/thumb/v7e-m+fp/hard/libc_nano.a(libc_a-init.o)
 .ARM.attributes
                0x0000032e       0x34 /home/administrator/st/stm32cubeclt_1.19.0/GNU-tools-for-STM32/bin/../lib/gcc/arm-none-eabi/13.3.1/../../../../arm-none-eabi/lib/thumb/v7e-m+fp/hard/libc_nano.a(libc_a-lock.o)
 .ARM.attributes
                0x00000362       0x1c /home/administrator/st/stm32cubeclt_1.19.0/GNU-tools-for-STM32/bin/../lib/gcc/arm-none-eabi/13.3.1/../../../../arm-none-eabi/lib/thumb/v7e-m+fp/hard/libc_nano.a(libc_a-memchr.o)
 .ARM.attributes
                0x0000037e       0x17 /home/administrator/st/stm32cubeclt_1.19.0/GNU-tools-for-STM32/bin/../lib/gcc/arm-none-eabi/13.3.1/../../../../arm-none-eabi/lib/thumb/v7e-m+fp/hard/libc_nano.a(libc_a-strlen.o)
 .ARM.attributes
                0x00000395       0x34 /home/administrator/st/stm32cubeclt_1.19.0/GNU-tools-for-STM32/bin/../lib/gcc/arm-none-eabi/13.3.1/../../../../arm-none-eabi/lib/thumb/v7e-m+fp/hard/libc_nano.a(libc_a-dtoa.o)
 .ARM.attributes
                0x000003c9       0x34 /home/administrator/st/stm32cubeclt_1.19.0/GNU-tools-for-STM32/bin/../lib/gcc/arm-none-eabi/13.3.1/../../../../arm-none-eabi/lib/thumb/v7e-m+fp/hard/libc_nano.a(libc_a-freer.o)
 .ARM.attributes
                0x000003fd       0x34 /home/administrator/st/stm32cubeclt_1.19.0/GNU-tools-for-STM32/bin/../lib/gcc/arm-none-eabi/13.3.1/../../../../arm-none-eabi/lib/thumb/v7e-m+fp/hard/libc_nano.a(libc_a-malloc.o)
 .ARM.attributes
                0x00000431       0x34 /home/administrator/st/stm32cubeclt_1.19.0/GNU-tools-for-STM32/bin/../lib/gcc/arm-none-eabi/13.3.1/../../../../arm-none-eabi/lib/thumb/v7e-m+fp/hard/libc_nano.a(libc_a-mallocr.o)
 .ARM.attributes
                0x00000465       0x34 /home/administrator/st/stm32cubeclt_1.19.0/GNU-tools-for-STM32/bin/../lib/gcc/arm-none-eabi/13.3.1/../../../../arm-none-eabi/lib/thumb/v7e-m+fp/hard/libc_nano.a(libc_a-mlock.o)
 .ARM.attributes
                0x00000499       0x34 /home/administrator/st/stm32cubeclt_1.19.0/GNU-tools-for-STM32/bin/../lib/gcc/arm-none-eabi/13.3.1/../../../../arm-none-eabi/lib/thumb/v7e-m+fp/hard/libc_nano.a(libc_a-mprec.o)
 .ARM.attributes
                0x000004cd       0x34 /home/administrator/st/stm32cubeclt_1.19.0/GNU-tools-for-STM32/bin/../lib/gcc/arm-none-eabi/13.3.1/../../../../arm-none-eabi/lib/thumb/v7e-m+fp/hard/libc_nano.a(libc_a-fflush.o)
 .ARM.attributes
                0x00000501       0x34 /home/administrator/st/stm32cubeclt_1.19.0/GNU-tools-for-STM32/bin/../lib/gcc/arm-none-eabi/13.3.1/../../../../arm-none-eabi/lib/thumb/v7e-m+fp/hard/libc_nano.a(libc_a-locale.o)
 .ARM.attributes
                0x00000535       0x34 /home/administrator/st/stm32cubeclt_1.19.0/GNU-tools-for-STM32/bin/../lib/gcc/arm-none-eabi/13.3.1/../../../../arm-none-eabi/lib/thumb/v7e-m+fp/hard/libc_nano.a(libc_a-sbrkr.o)
 .ARM.attributes
                0x00000569       0x34 /home/administrator/st/stm32cubeclt_1.19.0/GNU-tools-for-STM32/bin/../lib/gcc/arm-none-eabi/13.3.1/../../../../arm-none-eabi/lib/thumb/v7e-m+fp/hard/libc_nano.a(libc_a-memcpy-stub.o)
 .ARM.attributes
                0x0000059d       0x34 /home/administrator/st/stm32cubeclt_1.19.0/GNU-tools-for-STM32/bin/../lib/gcc/arm-none-eabi/13.3.1/../../../../arm-none-eabi/lib/thumb/v7e-m+fp/hard/libc_nano.a(libc_a-assert.o)
 .ARM.attributes
                0x000005d1       0x34 /home/administrator/st/stm32cubeclt_1.19.0/GNU-tools-for-STM32/bin/../lib/gcc/arm-none-eabi/13.3.1/../../../../arm-none-eabi/lib/thumb/v7e-m+fp/hard/libc_nano.a(libc_a-callocr.o)
 .ARM.attributes
                0x00000605       0x34 /home/administrator/st/stm32cubeclt_1.19.0/GNU-tools-for-STM32/bin/../lib/gcc/arm-none-eabi/13.3.1/../../../../arm-none-eabi/lib/thumb/v7e-m+fp/hard/libc_nano.a(libc_a-mbtowc_r.o)
 .ARM.attributes
                0x00000639       0x34 /home/administrator/st/stm32cubeclt_1.19.0/GNU-tools-for-STM32/bin/../lib/gcc/arm-none-eabi/13.3.1/../../../../arm-none-eabi/lib/thumb/v7e-m+fp/hard/libc_nano.a(libc_a-wctomb_r.o)
 .ARM.attributes
                0x0000066d       0x34 /home/administrator/st/stm32cubeclt_1.19.0/GNU-tools-for-STM32/bin/../lib/gcc/arm-none-eabi/13.3.1/../../../../arm-none-eabi/lib/thumb/v7e-m+fp/hard/libc_nano.a(libc_a-ctype_.o)
 .ARM.attributes
                0x000006a1       0x34 /home/administrator/st/stm32cubeclt_1.19.0/GNU-tools-for-STM32/bin/../lib/gcc/arm-none-eabi/13.3.1/../../../../arm-none-eabi/lib/thumb/v7e-m+fp/hard/libc_nano.a(libc_a-fprintf.o)
 .ARM.attributes
                0x000006d5       0x34 /home/administrator/st/stm32cubeclt_1.19.0/GNU-tools-for-STM32/bin/../lib/gcc/arm-none-eabi/13.3.1/../../../../arm-none-eabi/lib/thumb/v7e-m+fp/hard/libc_nano.a(libc_a-abort.o)
 .ARM.attributes
                0x00000709       0x34 /home/administrator/st/stm32cubeclt_1.19.0/GNU-tools-for-STM32/bin/../lib/gcc/arm-none-eabi/13.3.1/../../../../arm-none-eabi/lib/thumb/v7e-m+fp/hard/libc_nano.a(libc_a-nano-vfprintf.o)
 .ARM.attributes
                0x0000073d       0x34 /home/administrator/st/stm32cubeclt_1.19.0/GNU-tools-for-STM32/bin/../lib/gcc/arm-none-eabi/13.3.1/../../../../arm-none-eabi/lib/thumb/v7e-m+fp/hard/libc_nano.a(libc_a-wbuf.o)
 .ARM.attributes
                0x00000771       0x34 /home/administrator/st/stm32cubeclt_1.19.0/GNU-tools-for-STM32/bin/../lib/gcc/arm-none-eabi/13.3.1/../../../../arm-none-eabi/lib/thumb/v7e-m+fp/hard/libc_nano.a(libc_a-wsetup.o)
 .ARM.attributes
                0x000007a5       0x34 /home/administrator/st/stm32cubeclt_1.19.0/GNU-tools-for-STM32/bin/../lib/gcc/arm-none-eabi/13.3.1/../../../../arm-none-eabi/lib/thumb/v7e-m+fp/hard/libc_nano.a(libc_a-signal.o)
 .ARM.attributes
                0x000007d9       0x34 /home/administrator/st/stm32cubeclt_1.19.0/GNU-tools-for-STM32/bin/../lib/gcc/arm-none-eabi/13.3.1/../../../../arm-none-eabi/lib/thumb/v7e-m+fp/hard/libc_nano.a(libc_a-signalr.o)
 .ARM.attributes
                0x0000080d       0x34 /home/administrator/st/stm32cubeclt_1.19.0/GNU-tools-for-STM32/bin/../lib/gcc/arm-none-eabi/13.3.1/../../../../arm-none-eabi/lib/thumb/v7e-m+fp/hard/libc_nano.a(libc_a-makebuf.o)
 .ARM.attributes
                0x00000841       0x34 /home/administrator/st/stm32cubeclt_1.19.0/GNU-tools-for-STM32/bin/../lib/gcc/arm-none-eabi/13.3.1/../../../../arm-none-eabi/lib/thumb/v7e-m+fp/hard/libc_nano.a(libc_a-fstatr.o)
 .ARM.attributes
                0x00000875       0x34 /home/administrator/st/stm32cubeclt_1.19.0/GNU-tools-for-STM32/bin/../lib/gcc/arm-none-eabi/13.3.1/../../../../arm-none-eabi/lib/thumb/v7e-m+fp/hard/libc_nano.a(libc_a-isattyr.o)
 .ARM.attributes
                0x000008a9       0x34 cmake/stm32cubemx/CMakeFiles/STM32_Drivers.dir/__/__/Core/Src/system_stm32f3xx.c.obj
 .ARM.attributes
                0x000008dd       0x34 cmake/stm32cubemx/CMakeFiles/STM32_Drivers.dir/__/__/Drivers/STM32F3xx_HAL_Driver/Src/stm32f3xx_ll_usb.c.obj
 .ARM.attributes
                0x00000911       0x34 cmake/stm32cubemx/CMakeFiles/STM32_Drivers.dir/__/__/Drivers/STM32F3xx_HAL_Driver/Src/stm32f3xx_hal_i2c.c.obj
 .ARM.attributes
                0x00000945       0x34 cmake/stm32cubemx/CMakeFiles/STM32_Drivers.dir/__/__/Drivers/STM32F3xx_HAL_Driver/Src/stm32f3xx_hal_i2c_ex.c.obj
 .ARM.attributes
                0x00000979       0x34 cmake/stm32cubemx/CMakeFiles/STM32_Drivers.dir/__/__/Drivers/STM32F3xx_HAL_Driver/Src/stm32f3xx_hal.c.obj
 .ARM.attributes
                0x000009ad       0x34 cmake/stm32cubemx/CMakeFiles/STM32_Drivers.dir/__/__/Drivers/STM32F3xx_HAL_Driver/Src/stm32f3xx_hal_rcc.c.obj
 .ARM.attributes
                0x000009e1       0x34 cmake/stm32cubemx/CMakeFiles/STM32_Drivers.dir/__/__/Drivers/STM32F3xx_HAL_Driver/Src/stm32f3xx_hal_rcc_ex.c.obj
 .ARM.attributes
                0x00000a15       0x34 cmake/stm32cubemx/CMakeFiles/STM32_Drivers.dir/__/__/Drivers/STM32F3xx_HAL_Driver/Src/stm32f3xx_hal_gpio.c.obj
 .ARM.attributes
                0x00000a49       0x34 cmake/stm32cubemx/CMakeFiles/STM32_Drivers.dir/__/__/Drivers/STM32F3xx_HAL_Driver/Src/stm32f3xx_hal_cortex.c.obj
 .ARM.attributes
                0x00000a7d       0x34 cmake/stm32cubemx/CMakeFiles/STM32_Drivers.dir/__/__/Drivers/STM32F3xx_HAL_Driver/Src/stm32f3xx_hal_tim.c.obj
 .ARM.attributes
                0x00000ab1       0x34 cmake/stm32cubemx/CMakeFiles/STM32_Drivers.dir/__/__/Drivers/STM32F3xx_HAL_Driver/Src/stm32f3xx_hal_tim_ex.c.obj
 .ARM.attributes
                0x00000ae5       0x34 cmake/stm32cubemx/CMakeFiles/STM32_Drivers.dir/__/__/Drivers/STM32F3xx_HAL_Driver/Src/stm32f3xx_hal_uart.c.obj
 .ARM.attributes
                0x00000b19       0x34 cmake/stm32cubemx/CMakeFiles/STM32_Drivers.dir/__/__/Drivers/STM32F3xx_HAL_Driver/Src/stm32f3xx_hal_pcd.c.obj
 .ARM.attributes
                0x00000b4d       0x34 CMakeFiles/LAB_4.dir/Core/Src/main.c.obj
 .ARM.attributes
                0x00000b81       0x34 CMakeFiles/LAB_4.dir/Core/Src/stm32f3xx_it.c.obj
 .ARM.attributes
                0x00000bb5       0x34 CMakeFiles/LAB_4.dir/Core/Src/stm32f3xx_hal_msp.c.obj
 .ARM.attributes
                0x00000be9       0x34 CMakeFiles/LAB_4.dir/Core/Src/sysmem.c.obj
 .ARM.attributes
                0x00000c1d       0x34 CMakeFiles/LAB_4.dir/Core/Src/syscalls.c.obj
 .ARM.attributes
                0x00000c51       0x21 CMakeFiles/LAB_4.dir/startup_stm32f303xc.s.obj
 .ARM.attributes
                0x00000c72       0x22 /home/administrator/st/stm32cubeclt_1.19.0/GNU-tools-for-STM32/bin/../lib/gcc/arm-none-eabi/13.3.1/thumb/v7e-m+fp/hard/libgcc.a(_arm_addsubdf3.o)
 .ARM.attributes
                0x00000c94       0x22 /home/administrator/st/stm32cubeclt_1.19.0/GNU-tools-for-STM32/bin/../lib/gcc/arm-none-eabi/13.3.1/thumb/v7e-m+fp/hard/libgcc.a(_arm_muldivdf3.o)
 .ARM.attributes
                0x00000cb6       0x22 /home/administrator/st/stm32cubeclt_1.19.0/GNU-tools-for-STM32/bin/../lib/gcc/arm-none-eabi/13.3.1/thumb/v7e-m+fp/hard/libgcc.a(_arm_cmpdf2.o)
 .ARM.attributes
                0x00000cd8       0x22 /home/administrator/st/stm32cubeclt_1.19.0/GNU-tools-for-STM32/bin/../lib/gcc/arm-none-eabi/13.3.1/thumb/v7e-m+fp/hard/libgcc.a(_arm_unorddf2.o)
 .ARM.attributes
                0x00000cfa       0x22 /home/administrator/st/stm32cubeclt_1.19.0/GNU-tools-for-STM32/bin/../lib/gcc/arm-none-eabi/13.3.1/thumb/v7e-m+fp/hard/libgcc.a(_arm_fixdfsi.o)
 .ARM.attributes
                0x00000d1c       0x34 /home/administrator/st/stm32cubeclt_1.19.0/GNU-tools-for-STM32/bin/../lib/gcc/arm-none-eabi/13.3.1/../../../../arm-none-eabi/lib/thumb/v7e-m+fp/hard/libg_nano.a(libc_a-printf.o)
 .ARM.attributes
                0x00000d50       0x34 /home/administrator/st/stm32cubeclt_1.19.0/GNU-tools-for-STM32/bin/../lib/gcc/arm-none-eabi/13.3.1/../../../../arm-none-eabi/lib/thumb/v7e-m+fp/hard/libg_nano.a(libc_a-errno.o)
 .ARM.attributes
                0x00000d84       0x22 /home/administrator/st/stm32cubeclt_1.19.0/GNU-tools-for-STM32/bin/../lib/gcc/arm-none-eabi/13.3.1/thumb/v7e-m+fp/hard/crtn.o

.comment        0x00000000       0x43
 .comment       0x00000000       0x43 cmake/stm32cubemx/CMakeFiles/STM32_Drivers.dir/__/__/Core/Src/system_stm32f3xx.c.obj
                                 0x44 (size before relaxing)
 .comment       0x00000043       0x44 cmake/stm32cubemx/CMakeFiles/STM32_Drivers.dir/__/__/Drivers/STM32F3xx_HAL_Driver/Src/stm32f3xx_ll_usb.c.obj
 .comment       0x00000043       0x44 cmake/stm32cubemx/CMakeFiles/STM32_Drivers.dir/__/__/Drivers/STM32F3xx_HAL_Driver/Src/stm32f3xx_hal_i2c.c.obj
 .comment       0x00000043       0x44 cmake/stm32cubemx/CMakeFiles/STM32_Drivers.dir/__/__/Drivers/STM32F3xx_HAL_Driver/Src/stm32f3xx_hal_i2c_ex.c.obj
 .comment       0x00000043       0x44 cmake/stm32cubemx/CMakeFiles/STM32_Drivers.dir/__/__/Drivers/STM32F3xx_HAL_Driver/Src/stm32f3xx_hal.c.obj
 .comment       0x00000043       0x44 cmake/stm32cubemx/CMakeFiles/STM32_Drivers.dir/__/__/Drivers/STM32F3xx_HAL_Driver/Src/stm32f3xx_hal_rcc.c.obj
 .comment       0x00000043       0x44 cmake/stm32cubemx/CMakeFiles/STM32_Drivers.dir/__/__/Drivers/STM32F3xx_HAL_Driver/Src/stm32f3xx_hal_rcc_ex.c.obj
 .comment       0x00000043       0x44 cmake/stm32cubemx/CMakeFiles/STM32_Drivers.dir/__/__/Drivers/STM32F3xx_HAL_Driver/Src/stm32f3xx_hal_gpio.c.obj
 .comment       0x00000043       0x44 cmake/stm32cubemx/CMakeFiles/STM32_Drivers.dir/__/__/Drivers/STM32F3xx_HAL_Driver/Src/stm32f3xx_hal_cortex.c.obj
 .comment       0x00000043       0x44 cmake/stm32cubemx/CMakeFiles/STM32_Drivers.dir/__/__/Drivers/STM32F3xx_HAL_Driver/Src/stm32f3xx_hal_tim.c.obj
 .comment       0x00000043       0x44 cmake/stm32cubemx/CMakeFiles/STM32_Drivers.dir/__/__/Drivers/STM32F3xx_HAL_Driver/Src/stm32f3xx_hal_tim_ex.c.obj
 .comment       0x00000043       0x44 cmake/stm32cubemx/CMakeFiles/STM32_Drivers.dir/__/__/Drivers/STM32F3xx_HAL_Driver/Src/stm32f3xx_hal_uart.c.obj
 .comment       0x00000043       0x44 cmake/stm32cubemx/CMakeFiles/STM32_Drivers.dir/__/__/Drivers/STM32F3xx_HAL_Driver/Src/stm32f3xx_hal_pcd.c.obj
 .comment       0x00000043       0x44 CMakeFiles/LAB_4.dir/Core/Src/main.c.obj
 .comment       0x00000043       0x44 CMakeFiles/LAB_4.dir/Core/Src/stm32f3xx_it.c.obj
 .comment       0x00000043       0x44 CMakeFiles/LAB_4.dir/Core/Src/stm32f3xx_hal_msp.c.obj
 .comment       0x00000043       0x44 CMakeFiles/LAB_4.dir/Core/Src/sysmem.c.obj
 .comment       0x00000043       0x44 CMakeFiles/LAB_4.dir/Core/Src/syscalls.c.obj
 .comment       0x00000043       0x44 /home/administrator/st/stm32cubeclt_1.19.0/GNU-tools-for-STM32/bin/../lib/gcc/arm-none-eabi/13.3.1/../../../../arm-none-eabi/lib/thumb/v7e-m+fp/hard/libg_nano.a(libc_a-printf.o)
 .comment       0x00000043       0x44 /home/administrator/st/stm32cubeclt_1.19.0/GNU-tools-for-STM32/bin/../lib/gcc/arm-none-eabi/13.3.1/../../../../arm-none-eabi/lib/thumb/v7e-m+fp/hard/libg_nano.a(libc_a-errno.o)

.debug_frame    0x00000000     0x5d50
 .debug_frame   0x00000000       0x90 /home/administrator/st/stm32cubeclt_1.19.0/GNU-tools-for-STM32/bin/../lib/gcc/arm-none-eabi/13.3.1/../../../../arm-none-eabi/lib/thumb/v7e-m+fp/hard/libc_nano.a(libc_a-nano-vfprintf_float.o)
 .debug_frame   0x00000090       0x60 /home/administrator/st/stm32cubeclt_1.19.0/GNU-tools-for-STM32/bin/../lib/gcc/arm-none-eabi/13.3.1/../../../../arm-none-eabi/lib/thumb/v7e-m+fp/hard/libc_nano.a(libc_a-nano-vfprintf_i.o)
 .debug_frame   0x000000f0      0x144 /home/administrator/st/stm32cubeclt_1.19.0/GNU-tools-for-STM32/bin/../lib/gcc/arm-none-eabi/13.3.1/../../../../arm-none-eabi/lib/thumb/v7e-m+fp/hard/libc_nano.a(libc_a-findfp.o)
 .debug_frame   0x00000234       0x34 /home/administrator/st/stm32cubeclt_1.19.0/GNU-tools-for-STM32/bin/../lib/gcc/arm-none-eabi/13.3.1/../../../../arm-none-eabi/lib/thumb/v7e-m+fp/hard/libc_nano.a(libc_a-fwalk.o)
 .debug_frame   0x00000268       0x88 /home/administrator/st/stm32cubeclt_1.19.0/GNU-tools-for-STM32/bin/../lib/gcc/arm-none-eabi/13.3.1/../../../../arm-none-eabi/lib/thumb/v7e-m+fp/hard/libc_nano.a(libc_a-stdio.o)
 .debug_frame   0x000002f0       0x20 /home/administrator/st/stm32cubeclt_1.19.0/GNU-tools-for-STM32/bin/../lib/gcc/arm-none-eabi/13.3.1/../../../../arm-none-eabi/lib/thumb/v7e-m+fp/hard/libc_nano.a(libc_a-memset.o)
 .debug_frame   0x00000310       0x40 /home/administrator/st/stm32cubeclt_1.19.0/GNU-tools-for-STM32/bin/../lib/gcc/arm-none-eabi/13.3.1/../../../../arm-none-eabi/lib/thumb/v7e-m+fp/hard/libc_nano.a(libc_a-localeconv.o)
 .debug_frame   0x00000350       0x2c /home/administrator/st/stm32cubeclt_1.19.0/GNU-tools-for-STM32/bin/../lib/gcc/arm-none-eabi/13.3.1/../../../../arm-none-eabi/lib/thumb/v7e-m+fp/hard/libc_nano.a(libc_a-closer.o)
 .debug_frame   0x0000037c       0x38 /home/administrator/st/stm32cubeclt_1.19.0/GNU-tools-for-STM32/bin/../lib/gcc/arm-none-eabi/13.3.1/../../../../arm-none-eabi/lib/thumb/v7e-m+fp/hard/libc_nano.a(libc_a-reent.o)
 .debug_frame   0x000003b4       0x2c /home/administrator/st/stm32cubeclt_1.19.0/GNU-tools-for-STM32/bin/../lib/gcc/arm-none-eabi/13.3.1/../../../../arm-none-eabi/lib/thumb/v7e-m+fp/hard/libc_nano.a(libc_a-lseekr.o)
 .debug_frame   0x000003e0       0x2c /home/administrator/st/stm32cubeclt_1.19.0/GNU-tools-for-STM32/bin/../lib/gcc/arm-none-eabi/13.3.1/../../../../arm-none-eabi/lib/thumb/v7e-m+fp/hard/libc_nano.a(libc_a-readr.o)
 .debug_frame   0x0000040c       0x2c /home/administrator/st/stm32cubeclt_1.19.0/GNU-tools-for-STM32/bin/../lib/gcc/arm-none-eabi/13.3.1/../../../../arm-none-eabi/lib/thumb/v7e-m+fp/hard/libc_nano.a(libc_a-writer.o)
 .debug_frame   0x00000438       0x2c /home/administrator/st/stm32cubeclt_1.19.0/GNU-tools-for-STM32/bin/../lib/gcc/arm-none-eabi/13.3.1/../../../../arm-none-eabi/lib/thumb/v7e-m+fp/hard/libc_nano.a(libc_a-init.o)
 .debug_frame   0x00000464       0xb0 /home/administrator/st/stm32cubeclt_1.19.0/GNU-tools-for-STM32/bin/../lib/gcc/arm-none-eabi/13.3.1/../../../../arm-none-eabi/lib/thumb/v7e-m+fp/hard/libc_nano.a(libc_a-lock.o)
 .debug_frame   0x00000514       0x70 /home/administrator/st/stm32cubeclt_1.19.0/GNU-tools-for-STM32/bin/../lib/gcc/arm-none-eabi/13.3.1/../../../../arm-none-eabi/lib/thumb/v7e-m+fp/hard/libc_nano.a(libc_a-dtoa.o)
 .debug_frame   0x00000584       0x38 /home/administrator/st/stm32cubeclt_1.19.0/GNU-tools-for-STM32/bin/../lib/gcc/arm-none-eabi/13.3.1/../../../../arm-none-eabi/lib/thumb/v7e-m+fp/hard/libc_nano.a(libc_a-freer.o)
 .debug_frame   0x000005bc       0x30 /home/administrator/st/stm32cubeclt_1.19.0/GNU-tools-for-STM32/bin/../lib/gcc/arm-none-eabi/13.3.1/../../../../arm-none-eabi/lib/thumb/v7e-m+fp/hard/libc_nano.a(libc_a-malloc.o)
 .debug_frame   0x000005ec       0x50 /home/administrator/st/stm32cubeclt_1.19.0/GNU-tools-for-STM32/bin/../lib/gcc/arm-none-eabi/13.3.1/../../../../arm-none-eabi/lib/thumb/v7e-m+fp/hard/libc_nano.a(libc_a-mallocr.o)
 .debug_frame   0x0000063c       0x30 /home/administrator/st/stm32cubeclt_1.19.0/GNU-tools-for-STM32/bin/../lib/gcc/arm-none-eabi/13.3.1/../../../../arm-none-eabi/lib/thumb/v7e-m+fp/hard/libc_nano.a(libc_a-mlock.o)
 .debug_frame   0x0000066c      0x260 /home/administrator/st/stm32cubeclt_1.19.0/GNU-tools-for-STM32/bin/../lib/gcc/arm-none-eabi/13.3.1/../../../../arm-none-eabi/lib/thumb/v7e-m+fp/hard/libc_nano.a(libc_a-mprec.o)
 .debug_frame   0x000008cc       0x5c /home/administrator/st/stm32cubeclt_1.19.0/GNU-tools-for-STM32/bin/../lib/gcc/arm-none-eabi/13.3.1/../../../../arm-none-eabi/lib/thumb/v7e-m+fp/hard/libc_nano.a(libc_a-fflush.o)
 .debug_frame   0x00000928       0x48 /home/administrator/st/stm32cubeclt_1.19.0/GNU-tools-for-STM32/bin/../lib/gcc/arm-none-eabi/13.3.1/../../../../arm-none-eabi/lib/thumb/v7e-m+fp/hard/libc_nano.a(libc_a-locale.o)
 .debug_frame   0x00000970       0x2c /home/administrator/st/stm32cubeclt_1.19.0/GNU-tools-for-STM32/bin/../lib/gcc/arm-none-eabi/13.3.1/../../../../arm-none-eabi/lib/thumb/v7e-m+fp/hard/libc_nano.a(libc_a-sbrkr.o)
 .debug_frame   0x0000099c       0x28 /home/administrator/st/stm32cubeclt_1.19.0/GNU-tools-for-STM32/bin/../lib/gcc/arm-none-eabi/13.3.1/../../../../arm-none-eabi/lib/thumb/v7e-m+fp/hard/libc_nano.a(libc_a-memcpy-stub.o)
 .debug_frame   0x000009c4       0x40 /home/administrator/st/stm32cubeclt_1.19.0/GNU-tools-for-STM32/bin/../lib/gcc/arm-none-eabi/13.3.1/../../../../arm-none-eabi/lib/thumb/v7e-m+fp/hard/libc_nano.a(libc_a-assert.o)
 .debug_frame   0x00000a04       0x2c /home/administrator/st/stm32cubeclt_1.19.0/GNU-tools-for-STM32/bin/../lib/gcc/arm-none-eabi/13.3.1/../../../../arm-none-eabi/lib/thumb/v7e-m+fp/hard/libc_nano.a(libc_a-callocr.o)
 .debug_frame   0x00000a30       0x48 /home/administrator/st/stm32cubeclt_1.19.0/GNU-tools-for-STM32/bin/../lib/gcc/arm-none-eabi/13.3.1/../../../../arm-none-eabi/lib/thumb/v7e-m+fp/hard/libc_nano.a(libc_a-mbtowc_r.o)
 .debug_frame   0x00000a78       0x3c /home/administrator/st/stm32cubeclt_1.19.0/GNU-tools-for-STM32/bin/../lib/gcc/arm-none-eabi/13.3.1/../../../../arm-none-eabi/lib/thumb/v7e-m+fp/hard/libc_nano.a(libc_a-wctomb_r.o)
 .debug_frame   0x00000ab4       0x64 /home/administrator/st/stm32cubeclt_1.19.0/GNU-tools-for-STM32/bin/../lib/gcc/arm-none-eabi/13.3.1/../../../../arm-none-eabi/lib/thumb/v7e-m+fp/hard/libc_nano.a(libc_a-fprintf.o)